{
  "snapshot_0": {
    "_dd.debug.error.0.frame_data.class_name": "DebuggerController",
    "_dd.debug.error.0.frame_data.function": "ExceptionReplayRecursion20",
    "_dd.debug.error.0.snapshot_id": "<scrubbed>",
    "_dd.debug.error.1.frame_data.class_name": "DebuggerController",
    "_dd.debug.error.1.frame_data.function": "ExceptionReplayRecursion20",
    "_dd.debug.error.1.snapshot_id": "<scrubbed>",
    "_dd.debug.error.2.frame_data.class_name": "DebuggerController",
    "_dd.debug.error.2.frame_data.function": "ExceptionReplayRecursion20",
    "_dd.debug.error.2.snapshot_id": "<scrubbed>",
    "_dd.debug.error.20.frame_data.class_name": "DebuggerController",
    "_dd.debug.error.20.frame_data.function": "ExceptionReplayRecursion20",
    "_dd.debug.error.20.snapshot_id": "<scrubbed>",
    "_dd.debug.error.3.frame_data.class_name": "DebuggerController",
    "_dd.debug.error.3.frame_data.function": "ExceptionReplayRecursion20",
    "_dd.debug.error.3.snapshot_id": "<scrubbed>",
    "_dd.debug.error.exception_hash": "35851efc-eb91-3753-bf3b-2cd375cb5b22",
    "_dd.debug.error.exception_id": "<scrubbed>"
  },
  "snapshot_1": {
    "_dd.debug.error.0.frame_data.class_name": "DebuggerController",
    "_dd.debug.error.0.frame_data.function": "ExceptionReplayRecursion20",
    "_dd.debug.error.0.snapshot_id": "<scrubbed>",
    "_dd.debug.error.1.frame_data.class_name": "DebuggerController",
    "_dd.debug.error.1.frame_data.function": "ExceptionReplayRecursion20",
    "_dd.debug.error.1.snapshot_id": "<scrubbed>",
    "_dd.debug.error.2.frame_data.class_name": "DebuggerController",
    "_dd.debug.error.2.frame_data.function": "ExceptionReplayRecursion20",
    "_dd.debug.error.2.snapshot_id": "<scrubbed>",
    "_dd.debug.error.20.frame_data.class_name": "DebuggerController",
    "_dd.debug.error.20.frame_data.function": "ExceptionReplayRecursion20",
    "_dd.debug.error.20.snapshot_id": "<scrubbed>",
    "_dd.debug.error.3.frame_data.class_name": "DebuggerController",
    "_dd.debug.error.3.frame_data.function": "ExceptionReplayRecursion20",
    "_dd.debug.error.3.snapshot_id": "<scrubbed>",
    "_dd.debug.error.exception_hash": "35851efc-eb91-3753-bf3b-2cd375cb5b22",
    "_dd.debug.error.exception_id": "<scrubbed>"
  },
  "snapshot_2": {
    "_dd.debug.error.0.frame_data.class_name": "DebuggerController",
    "_dd.debug.error.0.frame_data.function": "ExceptionReplayRecursion20",
    "_dd.debug.error.0.snapshot_id": "<scrubbed>",
    "_dd.debug.error.1.frame_data.class_name": "DebuggerController",
    "_dd.debug.error.1.frame_data.function": "ExceptionReplayRecursion20",
    "_dd.debug.error.1.snapshot_id": "<scrubbed>",
    "_dd.debug.error.2.frame_data.class_name": "DebuggerController",
    "_dd.debug.error.2.frame_data.function": "ExceptionReplayRecursion20",
    "_dd.debug.error.2.snapshot_id": "<scrubbed>",
    "_dd.debug.error.20.frame_data.class_name": "DebuggerController",
    "_dd.debug.error.20.frame_data.function": "ExceptionReplayRecursion20",
    "_dd.debug.error.20.snapshot_id": "<scrubbed>",
    "_dd.debug.error.3.frame_data.class_name": "DebuggerController",
    "_dd.debug.error.3.frame_data.function": "ExceptionReplayRecursion20",
    "_dd.debug.error.3.snapshot_id": "<scrubbed>",
    "_dd.debug.error.exception_hash": "35851efc-eb91-3753-bf3b-2cd375cb5b22",
    "_dd.debug.error.exception_id": "<scrubbed>"
  },
  "snapshot_3": {
    "_dd.debug.error.0.frame_data.class_name": "DebuggerController",
    "_dd.debug.error.0.frame_data.function": "ExceptionReplayRecursion20",
    "_dd.debug.error.0.snapshot_id": "<scrubbed>",
    "_dd.debug.error.1.frame_data.class_name": "DebuggerController",
    "_dd.debug.error.1.frame_data.function": "ExceptionReplayRecursion20",
    "_dd.debug.error.1.snapshot_id": "<scrubbed>",
    "_dd.debug.error.2.frame_data.class_name": "DebuggerController",
    "_dd.debug.error.2.frame_data.function": "ExceptionReplayRecursion20",
    "_dd.debug.error.2.snapshot_id": "<scrubbed>",
    "_dd.debug.error.20.frame_data.class_name": "DebuggerController",
    "_dd.debug.error.20.frame_data.function": "ExceptionReplayRecursion20",
    "_dd.debug.error.20.snapshot_id": "<scrubbed>",
    "_dd.debug.error.3.frame_data.class_name": "DebuggerController",
    "_dd.debug.error.3.frame_data.function": "ExceptionReplayRecursion20",
    "_dd.debug.error.3.snapshot_id": "<scrubbed>",
    "_dd.debug.error.exception_hash": "35851efc-eb91-3753-bf3b-2cd375cb5b22",
    "_dd.debug.error.exception_id": "<scrubbed>"
  },
  "snapshot_4": {
    "_dd.debug.error.0.frame_data.class_name": "DebuggerController",
    "_dd.debug.error.0.frame_data.function": "ExceptionReplayRecursion20",
    "_dd.debug.error.0.snapshot_id": "<scrubbed>",
    "_dd.debug.error.1.frame_data.class_name": "DebuggerController",
    "_dd.debug.error.1.frame_data.function": "ExceptionReplayRecursion20",
    "_dd.debug.error.1.snapshot_id": "<scrubbed>",
    "_dd.debug.error.2.frame_data.class_name": "DebuggerController",
    "_dd.debug.error.2.frame_data.function": "ExceptionReplayRecursion20",
    "_dd.debug.error.2.snapshot_id": "<scrubbed>",
    "_dd.debug.error.20.frame_data.class_name": "DebuggerController",
    "_dd.debug.error.20.frame_data.function": "ExceptionReplayRecursion20",
    "_dd.debug.error.20.snapshot_id": "<scrubbed>",
    "_dd.debug.error.3.frame_data.class_name": "DebuggerController",
    "_dd.debug.error.3.frame_data.function": "ExceptionReplayRecursion20",
    "_dd.debug.error.3.snapshot_id": "<scrubbed>",
    "_dd.debug.error.exception_hash": "35851efc-eb91-3753-bf3b-2cd375cb5b22",
    "_dd.debug.error.exception_id": "<scrubbed>"
  }
}