{
  "snapshot_0": {
    "duration": "<scrubbed>",
    "error": 1,
    "meta": {
      "_dd.appsec.event_rules.version": "<scrubbed>",
      "_dd.appsec.fp.http.endpoint": "<scrubbed>",
      "_dd.appsec.fp.http.header": "<scrubbed>",
      "_dd.appsec.fp.http.network": "<scrubbed>",
      "_dd.appsec.fp.session": "<scrubbed>",
      "_dd.debug.error.0.frame_data.class_name": "ExceptionReplayController",
      "_dd.debug.error.0.frame_data.function": "ExceptionReplayRockPaperScissors",
      "_dd.debug.error.0.frame_data.name": "ExceptionReplayRockPaperScissors",
      "_dd.debug.error.0.no_capture_reason": "The method ExceptionReplayRockPaperScissors could not be found.",
      "_dd.debug.error.0.snapshot_id": "<scrubbed>",
      "_dd.debug.error.exception_hash": "<scrubbed>",
      "_dd.debug.error.exception_id": "<scrubbed>",
      "_dd.di._eh": "1635040487",
      "_dd.di._er": "Eligible",
      "_dd.iast.enabled": "1",
      "_dd.runtime_family": "dotnet",
      "aspnet_core.endpoint": "weblog.ExceptionReplayController.ExceptionReplayRockPaperScissors (app)",
      "aspnet_core.route": "exceptionreplay/rps",
      "component": "aspnet_core",
      "env": "system-tests",
      "error.debug_info_captured": "true",
      "error.msg": "Paper exception",
      "error.stack": "weblog.Models.Debugger.ExceptionReplayPaper: Paper exception\n   at weblog.ExceptionReplayController.ExceptionReplayRockPaperScis<scrubbed>",
      "error.type": "weblog.Models.Debugger.ExceptionReplayPaper",
      "http.client_ip": "<scrubbed>",
      "http.method": "GET",
      "http.request.headers.host": "localhost:7777",
      "http.request.headers.user-agent": "<scrubbed>",
      "http.route": "exceptionreplay/rps",
      "http.status_code": "500",
      "http.url": "http://localhost:7777/exceptionreplay/rps?shape=paper",
      "http.useragent": "<scrubbed>",
      "key1": "val1",
      "key2": "val2",
      "language": "dotnet",
      "network.client.ip": "<scrubbed>",
      "runtime-id": "<scrubbed>",
      "span.kind": "server",
      "version": "<scrubbed>"
    },
    "metrics": "<scrubbed>",
    "name": "aspnet_core.request",
    "resource": "GET /exceptionreplay/rps",
    "service": "weblog",
    "spanID": "<scrubbed>",
    "start": "<scrubbed>",
    "traceID": "<scrubbed>",
    "type": "web"
  },
  "snapshot_1": {
    "duration": "<scrubbed>",
    "error": 1,
    "meta": {
      "_dd.appsec.event_rules.version": "<scrubbed>",
      "_dd.appsec.fp.http.endpoint": "<scrubbed>",
      "_dd.appsec.fp.http.header": "<scrubbed>",
      "_dd.appsec.fp.http.network": "<scrubbed>",
      "_dd.appsec.fp.session": "<scrubbed>",
      "_dd.debug.error.0.frame_data.class_name": "ExceptionReplayController",
      "_dd.debug.error.0.frame_data.function": "ExceptionReplayRockPaperScissors",
      "_dd.debug.error.0.frame_data.name": "ExceptionReplayRockPaperScissors",
      "_dd.debug.error.0.no_capture_reason": "The method ExceptionReplayRockPaperScissors could not be found.",
      "_dd.debug.error.0.snapshot_id": "<scrubbed>",
      "_dd.debug.error.exception_hash": "<scrubbed>",
      "_dd.debug.error.exception_id": "<scrubbed>",
      "_dd.di._eh": "506989478",
      "_dd.di._er": "Eligible",
      "_dd.iast.enabled": "1",
      "_dd.runtime_family": "dotnet",
      "aspnet_core.endpoint": "weblog.ExceptionReplayController.ExceptionReplayRockPaperScissors (app)",
      "aspnet_core.route": "exceptionreplay/rps",
      "component": "aspnet_core",
      "env": "system-tests",
      "error.debug_info_captured": "true",
      "error.msg": "Rock exception",
      "error.stack": "weblog.Models.Debugger.ExceptionReplayRock: Rock exception\n   at weblog.ExceptionReplayController.ExceptionReplayRockPaperScisso<scrubbed>",
      "error.type": "weblog.Models.Debugger.ExceptionReplayRock",
      "http.client_ip": "<scrubbed>",
      "http.method": "GET",
      "http.request.headers.host": "localhost:7777",
      "http.request.headers.user-agent": "<scrubbed>",
      "http.route": "exceptionreplay/rps",
      "http.status_code": "500",
      "http.url": "http://localhost:7777/exceptionreplay/rps?shape=rock",
      "http.useragent": "<scrubbed>",
      "key1": "val1",
      "key2": "val2",
      "language": "dotnet",
      "network.client.ip": "<scrubbed>",
      "runtime-id": "<scrubbed>",
      "span.kind": "server",
      "version": "<scrubbed>"
    },
    "metrics": "<scrubbed>",
    "name": "aspnet_core.request",
    "resource": "GET /exceptionreplay/rps",
    "service": "weblog",
    "spanID": "<scrubbed>",
    "start": "<scrubbed>",
    "traceID": "<scrubbed>",
    "type": "web"
  },
  "snapshot_2": {
    "duration": "<scrubbed>",
    "error": 1,
    "meta": {
      "_dd.appsec.event_rules.version": "<scrubbed>",
      "_dd.appsec.fp.http.endpoint": "<scrubbed>",
      "_dd.appsec.fp.http.header": "<scrubbed>",
      "_dd.appsec.fp.http.network": "<scrubbed>",
      "_dd.appsec.fp.session": "<scrubbed>",
      "_dd.debug.error.0.frame_data.class_name": "ExceptionReplayController",
      "_dd.debug.error.0.frame_data.function": "ExceptionReplayRockPaperScissors",
      "_dd.debug.error.0.frame_data.name": "ExceptionReplayRockPaperScissors",
      "_dd.debug.error.0.no_capture_reason": "The method ExceptionReplayRockPaperScissors could not be found.",
      "_dd.debug.error.0.snapshot_id": "<scrubbed>",
      "_dd.debug.error.exception_hash": "<scrubbed>",
      "_dd.debug.error.exception_id": "<scrubbed>",
      "_dd.di._eh": "1098312944",
      "_dd.di._er": "Eligible",
      "_dd.iast.enabled": "1",
      "_dd.runtime_family": "dotnet",
      "aspnet_core.endpoint": "weblog.ExceptionReplayController.ExceptionReplayRockPaperScissors (app)",
      "aspnet_core.route": "exceptionreplay/rps",
      "component": "aspnet_core",
      "env": "system-tests",
      "error.debug_info_captured": "true",
      "error.msg": "Scissors exception",
      "error.stack": "weblog.Models.Debugger.ExceptionReplayScissors: Scissors exception\n   at weblog.ExceptionReplayController.ExceptionReplayRockPap<scrubbed>",
      "error.type": "weblog.Models.Debugger.ExceptionReplayScissors",
      "http.client_ip": "<scrubbed>",
      "http.method": "GET",
      "http.request.headers.host": "localhost:7777",
      "http.request.headers.user-agent": "<scrubbed>",
      "http.route": "exceptionreplay/rps",
      "http.status_code": "500",
      "http.url": "http://localhost:7777/exceptionreplay/rps?shape=scissors",
      "http.useragent": "<scrubbed>",
      "key1": "val1",
      "key2": "val2",
      "language": "dotnet",
      "network.client.ip": "<scrubbed>",
      "runtime-id": "<scrubbed>",
      "span.kind": "server",
      "version": "<scrubbed>"
    },
    "metrics": "<scrubbed>",
    "name": "aspnet_core.request",
    "resource": "GET /exceptionreplay/rps",
    "service": "weblog",
    "spanID": "<scrubbed>",
    "start": "<scrubbed>",
    "traceID": "<scrubbed>",
    "type": "web"
  }
}