{
  "snapshot_0": {
    "_dd.debug.error.0.frame_data.class_name": "DebuggerController",
    "_dd.debug.error.0.frame_data.function": "ExceptionReplayRockPaperScissors",
    "_dd.debug.error.0.snapshot_id": "<scrubbed>",
    "_dd.debug.error.exception_hash": "9406bc86-cc6a-3e9b-9079-8bb157a41239",
    "_dd.debug.error.exception_id": "<scrubbed>"
  },
  "snapshot_1": {
    "_dd.debug.error.0.frame_data.class_name": "DebuggerController",
    "_dd.debug.error.0.frame_data.function": "ExceptionReplayRockPaperScissors",
    "_dd.debug.error.0.snapshot_id": "<scrubbed>",
    "_dd.debug.error.exception_hash": "a95a57f1-8ce1-3dbc-8ac5-740027e28d52",
    "_dd.debug.error.exception_id": "<scrubbed>"
  },
  "snapshot_2": {
    "_dd.debug.error.0.frame_data.class_name": "DebuggerController",
    "_dd.debug.error.0.frame_data.function": "ExceptionReplayRockPaperScissors",
    "_dd.debug.error.0.snapshot_id": "<scrubbed>",
    "_dd.debug.error.exception_hash": "08d4a941-6c03-336e-a491-61b946bb6037",
    "_dd.debug.error.exception_id": "<scrubbed>"
  }
}