[
  {
    "captures": {
      "entry": {
        "arguments": {},
        "locals": {},
        "staticFields": {}
      },
      "return": {
        "arguments": {
          "depth": {
            "type": "java.lang.Integer",
            "value": "5"
          },
          "this": {
            "type": "com.datadoghq.system_tests.springboot.ExceptionReplayController",
            "fields": {}
          }
        },
        "locals": {},
        "staticFields": {},
        "throwable": {
          "message": "500 INTERNAL_SERVER_ERROR \"recursion exception depth 5\"",
          "stacktrace": [
            {
              "function": "com.datadoghq.system_tests.springboot.ExceptionReplayController.exceptionReplayRecursionHelper",
              "lineNumber": 25
            },
            {
              "function": "com.datadoghq.system_tests.springboot.ExceptionReplayController.exceptionReplayRecursionHelper",
              "lineNumber": 23
            },
            {
              "function": "com.datadoghq.system_tests.springboot.ExceptionReplayController.exceptionReplayRecursionHelper",
              "lineNumber": 23
            },
            {
              "function": "com.datadoghq.system_tests.springboot.ExceptionReplayController.exceptionReplayRecursionHelper",
              "lineNumber": 23
            },
            {
              "function": "com.datadoghq.system_tests.springboot.ExceptionReplayController.exceptionReplayRecursionHelper",
              "lineNumber": 23
            },
            {
              "function": "com.datadoghq.system_tests.springboot.ExceptionReplayController.exceptionReplayRecursionHelper",
              "lineNumber": 23
            },
            {
              "function": "com.datadoghq.system_tests.springboot.ExceptionReplayController.exceptionReplayRecursion",
              "lineNumber": 18
            },
            {
              "function": "datadog.trace.instrumentation.springweb.HandlerMappingResourceNameFilter.doFilterInternal",
              "lineNumber": 50
            },
            {
              "<runtime>": "<scrubbed>"
            }
          ],
          "type": "org.springframework.web.server.ResponseStatusException"
        }
      }
    },
    "exceptionCaptureId": "59119bf8-e117-4dea-b31f-8ac0576a61a6",
    "exceptionHash": "1836ffcb96739879ec9ad618fdca6d5cec81091da9892b5ed37653d8379bdc",
    "frameIndex": "6",
    "id": "<scrubbed>",
    "language": "java",
    "probe": {
      "id": "<scrubbed>",
      "version": 0,
      "location": {
        "lines": [],
        "method": "exceptionReplayRecursion",
        "type": "com.datadoghq.system_tests.springboot.ExceptionReplayController"
      }
    },
    "stack": [
      {
        "function": "com.datadoghq.system_tests.springboot.ExceptionReplayController.exceptionReplayRecursion",
        "lineNumber": 18
      },
      {
        "function": "datadog.trace.instrumentation.springweb.HandlerMappingResourceNameFilter.doFilterInternal",
        "lineNumber": 50
      },
      {
        "<runtime>": "<scrubbed>"
      }
    ],
    "timestamp": "<scrubbed>"
  },
  {
    "captures": {
      "entry": {
        "arguments": {},
        "locals": {},
        "staticFields": {}
      },
      "return": {
        "arguments": {
          "currentDepth": {
            "type": "java.lang.Integer",
            "value": "0"
          },
          "this": {
            "type": "com.datadoghq.system_tests.springboot.ExceptionReplayController",
            "fields": {}
          },
          "originalDepth": {
            "type": "java.lang.Integer",
            "value": "5"
          }
        },
        "locals": {},
        "staticFields": {},
        "throwable": {
          "message": "500 INTERNAL_SERVER_ERROR \"recursion exception depth 5\"",
          "stacktrace": [
            {
              "function": "com.datadoghq.system_tests.springboot.ExceptionReplayController.exceptionReplayRecursionHelper",
              "lineNumber": 25
            },
            {
              "function": "com.datadoghq.system_tests.springboot.ExceptionReplayController.exceptionReplayRecursionHelper",
              "lineNumber": 23
            },
            {
              "function": "com.datadoghq.system_tests.springboot.ExceptionReplayController.exceptionReplayRecursionHelper",
              "lineNumber": 23
            },
            {
              "function": "com.datadoghq.system_tests.springboot.ExceptionReplayController.exceptionReplayRecursionHelper",
              "lineNumber": 23
            },
            {
              "function": "com.datadoghq.system_tests.springboot.ExceptionReplayController.exceptionReplayRecursionHelper",
              "lineNumber": 23
            },
            {
              "function": "com.datadoghq.system_tests.springboot.ExceptionReplayController.exceptionReplayRecursionHelper",
              "lineNumber": 23
            },
            {
              "function": "com.datadoghq.system_tests.springboot.ExceptionReplayController.exceptionReplayRecursion",
              "lineNumber": 18
            },
            {
              "function": "datadog.trace.instrumentation.springweb.HandlerMappingResourceNameFilter.doFilterInternal",
              "lineNumber": 50
            },
            {
              "<runtime>": "<scrubbed>"
            }
          ],
          "type": "org.springframework.web.server.ResponseStatusException"
        }
      }
    },
    "exceptionCaptureId": "59119bf8-e117-4dea-b31f-8ac0576a61a6",
    "exceptionHash": "1836ffcb96739879ec9ad618fdca6d5cec81091da9892b5ed37653d8379bdc",
    "frameIndex": "0",
    "id": "<scrubbed>",
    "language": "java",
    "probe": {
      "id": "<scrubbed>",
      "version": 0,
      "location": {
        "lines": [],
        "method": "exceptionReplayRecursionHelper",
        "type": "com.datadoghq.system_tests.springboot.ExceptionReplayController"
      }
    },
    "stack": [
      {
        "function": "com.datadoghq.system_tests.springboot.ExceptionReplayController.exceptionReplayRecursionHelper",
        "lineNumber": 25
      },
      {
        "function": "com.datadoghq.system_tests.springboot.ExceptionReplayController.exceptionReplayRecursionHelper",
        "lineNumber": 23
      },
      {
        "function": "com.datadoghq.system_tests.springboot.ExceptionReplayController.exceptionReplayRecursionHelper",
        "lineNumber": 23
      },
      {
        "function": "com.datadoghq.system_tests.springboot.ExceptionReplayController.exceptionReplayRecursionHelper",
        "lineNumber": 23
      },
      {
        "function": "com.datadoghq.system_tests.springboot.ExceptionReplayController.exceptionReplayRecursionHelper",
        "lineNumber": 23
      },
      {
        "function": "com.datadoghq.system_tests.springboot.ExceptionReplayController.exceptionReplayRecursionHelper",
        "lineNumber": 23
      },
      {
        "function": "com.datadoghq.system_tests.springboot.ExceptionReplayController.exceptionReplayRecursion",
        "lineNumber": 18
      },
      {
        "function": "datadog.trace.instrumentation.springweb.HandlerMappingResourceNameFilter.doFilterInternal",
        "lineNumber": 50
      },
      {
        "<runtime>": "<scrubbed>"
      }
    ],
    "timestamp": "<scrubbed>"
  },
  {
    "captures": {
      "entry": {
        "arguments": {},
        "locals": {},
        "staticFields": {}
      },
      "return": {
        "arguments": {
          "currentDepth": {
            "type": "java.lang.Integer",
            "value": "1"
          },
          "this": {
            "type": "com.datadoghq.system_tests.springboot.ExceptionReplayController",
            "fields": {}
          },
          "originalDepth": {
            "type": "java.lang.Integer",
            "value": "5"
          }
        },
        "locals": {},
        "staticFields": {},
        "throwable": {
          "message": "500 INTERNAL_SERVER_ERROR \"recursion exception depth 5\"",
          "stacktrace": [
            {
              "function": "com.datadoghq.system_tests.springboot.ExceptionReplayController.exceptionReplayRecursionHelper",
              "lineNumber": 25
            },
            {
              "function": "com.datadoghq.system_tests.springboot.ExceptionReplayController.exceptionReplayRecursionHelper",
              "lineNumber": 23
            },
            {
              "function": "com.datadoghq.system_tests.springboot.ExceptionReplayController.exceptionReplayRecursionHelper",
              "lineNumber": 23
            },
            {
              "function": "com.datadoghq.system_tests.springboot.ExceptionReplayController.exceptionReplayRecursionHelper",
              "lineNumber": 23
            },
            {
              "function": "com.datadoghq.system_tests.springboot.ExceptionReplayController.exceptionReplayRecursionHelper",
              "lineNumber": 23
            },
            {
              "function": "com.datadoghq.system_tests.springboot.ExceptionReplayController.exceptionReplayRecursionHelper",
              "lineNumber": 23
            },
            {
              "function": "com.datadoghq.system_tests.springboot.ExceptionReplayController.exceptionReplayRecursion",
              "lineNumber": 18
            },
            {
              "function": "datadog.trace.instrumentation.springweb.HandlerMappingResourceNameFilter.doFilterInternal",
              "lineNumber": 50
            },
            {
              "<runtime>": "<scrubbed>"
            }
          ],
          "type": "org.springframework.web.server.ResponseStatusException"
        }
      }
    },
    "exceptionCaptureId": "59119bf8-e117-4dea-b31f-8ac0576a61a6",
    "exceptionHash": "1836ffcb96739879ec9ad618fdca6d5cec81091da9892b5ed37653d8379bdc",
    "frameIndex": "1",
    "id": "<scrubbed>",
    "language": "java",
    "probe": {
      "id": "<scrubbed>",
      "version": 0,
      "location": {
        "lines": [],
        "method": "exceptionReplayRecursionHelper",
        "type": "com.datadoghq.system_tests.springboot.ExceptionReplayController"
      }
    },
    "stack": [
      {
        "function": "com.datadoghq.system_tests.springboot.ExceptionReplayController.exceptionReplayRecursionHelper",
        "lineNumber": 25
      },
      {
        "function": "com.datadoghq.system_tests.springboot.ExceptionReplayController.exceptionReplayRecursionHelper",
        "lineNumber": 23
      },
      {
        "function": "com.datadoghq.system_tests.springboot.ExceptionReplayController.exceptionReplayRecursionHelper",
        "lineNumber": 23
      },
      {
        "function": "com.datadoghq.system_tests.springboot.ExceptionReplayController.exceptionReplayRecursionHelper",
        "lineNumber": 23
      },
      {
        "function": "com.datadoghq.system_tests.springboot.ExceptionReplayController.exceptionReplayRecursionHelper",
        "lineNumber": 23
      },
      {
        "function": "com.datadoghq.system_tests.springboot.ExceptionReplayController.exceptionReplayRecursion",
        "lineNumber": 18
      },
      {
        "function": "datadog.trace.instrumentation.springweb.HandlerMappingResourceNameFilter.doFilterInternal",
        "lineNumber": 50
      },
      {
        "<runtime>": "<scrubbed>"
      }
    ],
    "timestamp": "<scrubbed>"
  },
  {
    "captures": {
      "entry": {
        "arguments": {},
        "locals": {},
        "staticFields": {}
      },
      "return": {
        "arguments": {
          "currentDepth": {
            "type": "java.lang.Integer",
            "value": "2"
          },
          "this": {
            "type": "com.datadoghq.system_tests.springboot.ExceptionReplayController",
            "fields": {}
          },
          "originalDepth": {
            "type": "java.lang.Integer",
            "value": "5"
          }
        },
        "locals": {},
        "staticFields": {},
        "throwable": {
          "message": "500 INTERNAL_SERVER_ERROR \"recursion exception depth 5\"",
          "stacktrace": [
            {
              "function": "com.datadoghq.system_tests.springboot.ExceptionReplayController.exceptionReplayRecursionHelper",
              "lineNumber": 25
            },
            {
              "function": "com.datadoghq.system_tests.springboot.ExceptionReplayController.exceptionReplayRecursionHelper",
              "lineNumber": 23
            },
            {
              "function": "com.datadoghq.system_tests.springboot.ExceptionReplayController.exceptionReplayRecursionHelper",
              "lineNumber": 23
            },
            {
              "function": "com.datadoghq.system_tests.springboot.ExceptionReplayController.exceptionReplayRecursionHelper",
              "lineNumber": 23
            },
            {
              "function": "com.datadoghq.system_tests.springboot.ExceptionReplayController.exceptionReplayRecursionHelper",
              "lineNumber": 23
            },
            {
              "function": "com.datadoghq.system_tests.springboot.ExceptionReplayController.exceptionReplayRecursionHelper",
              "lineNumber": 23
            },
            {
              "function": "com.datadoghq.system_tests.springboot.ExceptionReplayController.exceptionReplayRecursion",
              "lineNumber": 18
            },
            {
              "function": "datadog.trace.instrumentation.springweb.HandlerMappingResourceNameFilter.doFilterInternal",
              "lineNumber": 50
            },
            {
              "<runtime>": "<scrubbed>"
            }
          ],
          "type": "org.springframework.web.server.ResponseStatusException"
        }
      }
    },
    "exceptionCaptureId": "59119bf8-e117-4dea-b31f-8ac0576a61a6",
    "exceptionHash": "1836ffcb96739879ec9ad618fdca6d5cec81091da9892b5ed37653d8379bdc",
    "frameIndex": "2",
    "id": "<scrubbed>",
    "language": "java",
    "probe": {
      "id": "<scrubbed>",
      "version": 0,
      "location": {
        "lines": [],
        "method": "exceptionReplayRecursionHelper",
        "type": "com.datadoghq.system_tests.springboot.ExceptionReplayController"
      }
    },
    "stack": [
      {
        "function": "com.datadoghq.system_tests.springboot.ExceptionReplayController.exceptionReplayRecursionHelper",
        "lineNumber": 25
      },
      {
        "function": "com.datadoghq.system_tests.springboot.ExceptionReplayController.exceptionReplayRecursionHelper",
        "lineNumber": 23
      },
      {
        "function": "com.datadoghq.system_tests.springboot.ExceptionReplayController.exceptionReplayRecursionHelper",
        "lineNumber": 23
      },
      {
        "function": "com.datadoghq.system_tests.springboot.ExceptionReplayController.exceptionReplayRecursionHelper",
        "lineNumber": 23
      },
      {
        "function": "com.datadoghq.system_tests.springboot.ExceptionReplayController.exceptionReplayRecursion",
        "lineNumber": 18
      },
      {
        "function": "datadog.trace.instrumentation.springweb.HandlerMappingResourceNameFilter.doFilterInternal",
        "lineNumber": 50
      },
      {
        "<runtime>": "<scrubbed>"
      }
    ],
    "timestamp": "<scrubbed>"
  },
  {
    "captures": {
      "entry": {
        "arguments": {},
        "locals": {},
        "staticFields": {}
      },
      "return": {
        "arguments": {
          "currentDepth": {
            "type": "java.lang.Integer",
            "value": "3"
          },
          "this": {
            "type": "com.datadoghq.system_tests.springboot.ExceptionReplayController",
            "fields": {}
          },
          "originalDepth": {
            "type": "java.lang.Integer",
            "value": "5"
          }
        },
        "locals": {},
        "staticFields": {},
        "throwable": {
          "message": "500 INTERNAL_SERVER_ERROR \"recursion exception depth 5\"",
          "stacktrace": [
            {
              "function": "com.datadoghq.system_tests.springboot.ExceptionReplayController.exceptionReplayRecursionHelper",
              "lineNumber": 25
            },
            {
              "function": "com.datadoghq.system_tests.springboot.ExceptionReplayController.exceptionReplayRecursionHelper",
              "lineNumber": 23
            },
            {
              "function": "com.datadoghq.system_tests.springboot.ExceptionReplayController.exceptionReplayRecursionHelper",
              "lineNumber": 23
            },
            {
              "function": "com.datadoghq.system_tests.springboot.ExceptionReplayController.exceptionReplayRecursionHelper",
              "lineNumber": 23
            },
            {
              "function": "com.datadoghq.system_tests.springboot.ExceptionReplayController.exceptionReplayRecursionHelper",
              "lineNumber": 23
            },
            {
              "function": "com.datadoghq.system_tests.springboot.ExceptionReplayController.exceptionReplayRecursionHelper",
              "lineNumber": 23
            },
            {
              "function": "com.datadoghq.system_tests.springboot.ExceptionReplayController.exceptionReplayRecursion",
              "lineNumber": 18
            },
            {
              "function": "datadog.trace.instrumentation.springweb.HandlerMappingResourceNameFilter.doFilterInternal",
              "lineNumber": 50
            },
            {
              "<runtime>": "<scrubbed>"
            }
          ],
          "type": "org.springframework.web.server.ResponseStatusException"
        }
      }
    },
    "exceptionCaptureId": "59119bf8-e117-4dea-b31f-8ac0576a61a6",
    "exceptionHash": "1836ffcb96739879ec9ad618fdca6d5cec81091da9892b5ed37653d8379bdc",
    "frameIndex": "3",
    "id": "<scrubbed>",
    "language": "java",
    "probe": {
      "id": "<scrubbed>",
      "version": 0,
      "location": {
        "lines": [],
        "method": "exceptionReplayRecursionHelper",
        "type": "com.datadoghq.system_tests.springboot.ExceptionReplayController"
      }
    },
    "stack": [
      {
        "function": "com.datadoghq.system_tests.springboot.ExceptionReplayController.exceptionReplayRecursionHelper",
        "lineNumber": 25
      },
      {
        "function": "com.datadoghq.system_tests.springboot.ExceptionReplayController.exceptionReplayRecursionHelper",
        "lineNumber": 23
      },
      {
        "function": "com.datadoghq.system_tests.springboot.ExceptionReplayController.exceptionReplayRecursionHelper",
        "lineNumber": 23
      },
      {
        "function": "com.datadoghq.system_tests.springboot.ExceptionReplayController.exceptionReplayRecursion",
        "lineNumber": 18
      },
      {
        "function": "datadog.trace.instrumentation.springweb.HandlerMappingResourceNameFilter.doFilterInternal",
        "lineNumber": 50
      },
      {
        "<runtime>": "<scrubbed>"
      }
    ],
    "timestamp": "<scrubbed>"
  },
  {
    "captures": {
      "entry": {
        "arguments": {},
        "locals": {},
        "staticFields": {}
      },
      "return": {
        "arguments": {
          "currentDepth": {
            "type": "java.lang.Integer",
            "value": "4"
          },
          "this": {
            "type": "com.datadoghq.system_tests.springboot.ExceptionReplayController",
            "fields": {}
          },
          "originalDepth": {
            "type": "java.lang.Integer",
            "value": "5"
          }
        },
        "locals": {},
        "staticFields": {},
        "throwable": {
          "message": "500 INTERNAL_SERVER_ERROR \"recursion exception depth 5\"",
          "stacktrace": [
            {
              "function": "com.datadoghq.system_tests.springboot.ExceptionReplayController.exceptionReplayRecursionHelper",
              "lineNumber": 25
            },
            {
              "function": "com.datadoghq.system_tests.springboot.ExceptionReplayController.exceptionReplayRecursionHelper",
              "lineNumber": 23
            },
            {
              "function": "com.datadoghq.system_tests.springboot.ExceptionReplayController.exceptionReplayRecursionHelper",
              "lineNumber": 23
            },
            {
              "function": "com.datadoghq.system_tests.springboot.ExceptionReplayController.exceptionReplayRecursionHelper",
              "lineNumber": 23
            },
            {
              "function": "com.datadoghq.system_tests.springboot.ExceptionReplayController.exceptionReplayRecursionHelper",
              "lineNumber": 23
            },
            {
              "function": "com.datadoghq.system_tests.springboot.ExceptionReplayController.exceptionReplayRecursionHelper",
              "lineNumber": 23
            },
            {
              "function": "com.datadoghq.system_tests.springboot.ExceptionReplayController.exceptionReplayRecursion",
              "lineNumber": 18
            },
            {
              "function": "datadog.trace.instrumentation.springweb.HandlerMappingResourceNameFilter.doFilterInternal",
              "lineNumber": 50
            },
            {
              "<runtime>": "<scrubbed>"
            }
          ],
          "type": "org.springframework.web.server.ResponseStatusException"
        }
      }
    },
    "exceptionCaptureId": "59119bf8-e117-4dea-b31f-8ac0576a61a6",
    "exceptionHash": "1836ffcb96739879ec9ad618fdca6d5cec81091da9892b5ed37653d8379bdc",
    "frameIndex": "4",
    "id": "<scrubbed>",
    "language": "java",
    "probe": {
      "id": "<scrubbed>",
      "version": 0,
      "location": {
        "lines": [],
        "method": "exceptionReplayRecursionHelper",
        "type": "com.datadoghq.system_tests.springboot.ExceptionReplayController"
      }
    },
    "stack": [
      {
        "function": "com.datadoghq.system_tests.springboot.ExceptionReplayController.exceptionReplayRecursionHelper",
        "lineNumber": 25
      },
      {
        "function": "com.datadoghq.system_tests.springboot.ExceptionReplayController.exceptionReplayRecursionHelper",
        "lineNumber": 23
      },
      {
        "function": "com.datadoghq.system_tests.springboot.ExceptionReplayController.exceptionReplayRecursion",
        "lineNumber": 18
      },
      {
        "function": "datadog.trace.instrumentation.springweb.HandlerMappingResourceNameFilter.doFilterInternal",
        "lineNumber": 50
      },
      {
        "<runtime>": "<scrubbed>"
      }
    ],
    "timestamp": "<scrubbed>"
  },
  {
    "captures": {
      "entry": {
        "arguments": {},
        "locals": {},
        "staticFields": {}
      },
      "return": {
        "arguments": {
          "currentDepth": {
            "type": "java.lang.Integer",
            "value": "5"
          },
          "this": {
            "type": "com.datadoghq.system_tests.springboot.ExceptionReplayController",
            "fields": {}
          },
          "originalDepth": {
            "type": "java.lang.Integer",
            "value": "5"
          }
        },
        "locals": {},
        "staticFields": {},
        "throwable": {
          "message": "500 INTERNAL_SERVER_ERROR \"recursion exception depth 5\"",
          "stacktrace": [
            {
              "function": "com.datadoghq.system_tests.springboot.ExceptionReplayController.exceptionReplayRecursionHelper",
              "lineNumber": 25
            },
            {
              "function": "com.datadoghq.system_tests.springboot.ExceptionReplayController.exceptionReplayRecursionHelper",
              "lineNumber": 23
            },
            {
              "function": "com.datadoghq.system_tests.springboot.ExceptionReplayController.exceptionReplayRecursionHelper",
              "lineNumber": 23
            },
            {
              "function": "com.datadoghq.system_tests.springboot.ExceptionReplayController.exceptionReplayRecursionHelper",
              "lineNumber": 23
            },
            {
              "function": "com.datadoghq.system_tests.springboot.ExceptionReplayController.exceptionReplayRecursionHelper",
              "lineNumber": 23
            },
            {
              "function": "com.datadoghq.system_tests.springboot.ExceptionReplayController.exceptionReplayRecursionHelper",
              "lineNumber": 23
            },
            {
              "function": "com.datadoghq.system_tests.springboot.ExceptionReplayController.exceptionReplayRecursion",
              "lineNumber": 18
            },
            {
              "function": "datadog.trace.instrumentation.springweb.HandlerMappingResourceNameFilter.doFilterInternal",
              "lineNumber": 50
            },
            {
              "<runtime>": "<scrubbed>"
            }
          ],
          "type": "org.springframework.web.server.ResponseStatusException"
        }
      }
    },
    "exceptionCaptureId": "59119bf8-e117-4dea-b31f-8ac0576a61a6",
    "exceptionHash": "1836ffcb96739879ec9ad618fdca6d5cec81091da9892b5ed37653d8379bdc",
    "frameIndex": "5",
    "id": "<scrubbed>",
    "language": "java",
    "probe": {
      "id": "<scrubbed>",
      "version": 0,
      "location": {
        "lines": [],
        "method": "exceptionReplayRecursionHelper",
        "type": "com.datadoghq.system_tests.springboot.ExceptionReplayController"
      }
    },
    "stack": [
      {
        "function": "com.datadoghq.system_tests.springboot.ExceptionReplayController.exceptionReplayRecursionHelper",
        "lineNumber": 25
      },
      {
        "function": "com.datadoghq.system_tests.springboot.ExceptionReplayController.exceptionReplayRecursion",
        "lineNumber": 18
      },
      {
        "function": "datadog.trace.instrumentation.springweb.HandlerMappingResourceNameFilter.doFilterInternal",
        "lineNumber": 50
      },
      {
        "<runtime>": "<scrubbed>"
      }
    ],
    "timestamp": "<scrubbed>"
  }
]