{
  "snapshot_0": {
    "duration": "<scrubbed>",
    "error": 1,
    "meta": {
      "_dd.appsec.event_rules.version": "<scrubbed>",
      "_dd.debug.error.0.frame_data.class_name": "DebuggerController",
      "_dd.debug.error.0.frame_data.function": "ExceptionReplayRecursion",
      "_dd.debug.error.0.snapshot_id": "<scrubbed>",
      "_dd.debug.error.1.frame_data.class_name": "DebuggerController",
      "_dd.debug.error.1.frame_data.function": "ExceptionReplayRecursion",
      "_dd.debug.error.1.snapshot_id": "<scrubbed>",
      "_dd.debug.error.2.frame_data.class_name": "DebuggerController",
      "_dd.debug.error.2.frame_data.function": "ExceptionReplayRecursion",
      "_dd.debug.error.2.snapshot_id": "<scrubbed>",
      "_dd.debug.error.20.frame_data.class_name": "DebuggerController",
      "_dd.debug.error.20.frame_data.function": "ExceptionReplayRecursion",
      "_dd.debug.error.20.snapshot_id": "<scrubbed>",
      "_dd.debug.error.3.frame_data.class_name": "DebuggerController",
      "_dd.debug.error.3.frame_data.function": "ExceptionReplayRecursion",
      "_dd.debug.error.3.snapshot_id": "<scrubbed>",
      "_dd.debug.error.exception_hash": "<scrubbed>",
      "_dd.debug.error.exception_id": "<scrubbed>",
      "_dd.di._eh": "-1523956302",
      "_dd.di._er": "Eligible",
      "_dd.iast.enabled": "1",
      "_dd.runtime_family": "dotnet",
      "aspnet_core.endpoint": "weblog.DebuggerController.ExceptionReplayRecursion (app)",
      "aspnet_core.route": "debugger/exceptionreplay/recursion",
      "component": "aspnet_core",
      "env": "system-tests",
      "error.debug_info_captured": "true",
      "error.msg": "Recursion exception",
      "error.stack": "System.Exception: Recursion exception\n   at weblog.DebuggerController.ExceptionReplayRecursion(Int32 depth) in /app/DebuggerCont<scrubbed>",
      "error.type": "System.Exception",
      "http.client_ip": "192.168.65.1",
      "http.method": "GET",
      "http.request.headers.host": "localhost:7777",
      "http.request.headers.user-agent": "<scrubbed>",
      "http.route": "debugger/exceptionreplay/recursion",
      "http.status_code": "500",
      "http.url": "http://localhost:7777/debugger/exceptionreplay/recursion?depth=20",
      "http.useragent": "<scrubbed>",
      "key1": "val1",
      "key2": "val2",
      "language": "dotnet",
      "network.client.ip": "192.168.65.1",
      "runtime-id": "<scrubbed>",
      "span.kind": "server",
      "version": "<scrubbed>"
    },
    "metrics": "<scrubbed>",
    "name": "aspnet_core.request",
    "resource": "GET /debugger/exceptionreplay/recursion",
    "service": "weblog",
    "spanID": "<scrubbed>",
    "start": "<scrubbed>",
    "traceID": "<scrubbed>",
    "type": "web"
  },
  "snapshot_1": {
    "duration": "<scrubbed>",
    "error": 1,
    "meta": {
      "_dd.appsec.event_rules.version": "<scrubbed>",
      "_dd.debug.error.0.frame_data.class_name": "DebuggerController",
      "_dd.debug.error.0.frame_data.function": "ExceptionReplayRecursion",
      "_dd.debug.error.0.snapshot_id": "<scrubbed>",
      "_dd.debug.error.1.frame_data.class_name": "DebuggerController",
      "_dd.debug.error.1.frame_data.function": "ExceptionReplayRecursion",
      "_dd.debug.error.1.snapshot_id": "<scrubbed>",
      "_dd.debug.error.2.frame_data.class_name": "DebuggerController",
      "_dd.debug.error.2.frame_data.function": "ExceptionReplayRecursion",
      "_dd.debug.error.2.snapshot_id": "<scrubbed>",
      "_dd.debug.error.20.frame_data.class_name": "DebuggerController",
      "_dd.debug.error.20.frame_data.function": "ExceptionReplayRecursion",
      "_dd.debug.error.20.snapshot_id": "<scrubbed>",
      "_dd.debug.error.3.frame_data.class_name": "DebuggerController",
      "_dd.debug.error.3.frame_data.function": "ExceptionReplayRecursion",
      "_dd.debug.error.3.snapshot_id": "<scrubbed>",
      "_dd.debug.error.exception_hash": "<scrubbed>",
      "_dd.debug.error.exception_id": "<scrubbed>",
      "_dd.di._eh": "-1523956302",
      "_dd.di._er": "Eligible",
      "_dd.iast.enabled": "1",
      "_dd.runtime_family": "dotnet",
      "aspnet_core.endpoint": "weblog.DebuggerController.ExceptionReplayRecursion (app)",
      "aspnet_core.route": "debugger/exceptionreplay/recursion",
      "component": "aspnet_core",
      "env": "system-tests",
      "error.debug_info_captured": "true",
      "error.msg": "Recursion exception",
      "error.stack": "System.Exception: Recursion exception\n   at weblog.DebuggerController.ExceptionReplayRecursion(Int32 depth) in /app/DebuggerCont<scrubbed>",
      "error.type": "System.Exception",
      "http.client_ip": "192.168.65.1",
      "http.method": "GET",
      "http.request.headers.host": "localhost:7777",
      "http.request.headers.user-agent": "<scrubbed>",
      "http.route": "debugger/exceptionreplay/recursion",
      "http.status_code": "500",
      "http.url": "http://localhost:7777/debugger/exceptionreplay/recursion?depth=20",
      "http.useragent": "<scrubbed>",
      "key1": "val1",
      "key2": "val2",
      "language": "dotnet",
      "network.client.ip": "192.168.65.1",
      "runtime-id": "<scrubbed>",
      "span.kind": "server",
      "version": "<scrubbed>"
    },
    "metrics": "<scrubbed>",
    "name": "aspnet_core.request",
    "resource": "GET /debugger/exceptionreplay/recursion",
    "service": "weblog",
    "spanID": "<scrubbed>",
    "start": "<scrubbed>",
    "traceID": "<scrubbed>",
    "type": "web"
  },
  "snapshot_2": {
    "duration": "<scrubbed>",
    "error": 1,
    "meta": {
      "_dd.appsec.event_rules.version": "<scrubbed>",
      "_dd.debug.error.0.frame_data.class_name": "DebuggerController",
      "_dd.debug.error.0.frame_data.function": "ExceptionReplayRecursion",
      "_dd.debug.error.0.snapshot_id": "<scrubbed>",
      "_dd.debug.error.1.frame_data.class_name": "DebuggerController",
      "_dd.debug.error.1.frame_data.function": "ExceptionReplayRecursion",
      "_dd.debug.error.1.snapshot_id": "<scrubbed>",
      "_dd.debug.error.2.frame_data.class_name": "DebuggerController",
      "_dd.debug.error.2.frame_data.function": "ExceptionReplayRecursion",
      "_dd.debug.error.2.snapshot_id": "<scrubbed>",
      "_dd.debug.error.20.frame_data.class_name": "DebuggerController",
      "_dd.debug.error.20.frame_data.function": "ExceptionReplayRecursion",
      "_dd.debug.error.20.snapshot_id": "<scrubbed>",
      "_dd.debug.error.3.frame_data.class_name": "DebuggerController",
      "_dd.debug.error.3.frame_data.function": "ExceptionReplayRecursion",
      "_dd.debug.error.3.snapshot_id": "<scrubbed>",
      "_dd.debug.error.exception_hash": "<scrubbed>",
      "_dd.debug.error.exception_id": "<scrubbed>",
      "_dd.di._eh": "-1523956302",
      "_dd.di._er": "Eligible",
      "_dd.iast.enabled": "1",
      "_dd.runtime_family": "dotnet",
      "aspnet_core.endpoint": "weblog.DebuggerController.ExceptionReplayRecursion (app)",
      "aspnet_core.route": "debugger/exceptionreplay/recursion",
      "component": "aspnet_core",
      "env": "system-tests",
      "error.debug_info_captured": "true",
      "error.msg": "Recursion exception",
      "error.stack": "System.Exception: Recursion exception\n   at weblog.DebuggerController.ExceptionReplayRecursion(Int32 depth) in /app/DebuggerCont<scrubbed>",
      "error.type": "System.Exception",
      "http.client_ip": "192.168.65.1",
      "http.method": "GET",
      "http.request.headers.host": "localhost:7777",
      "http.request.headers.user-agent": "<scrubbed>",
      "http.route": "debugger/exceptionreplay/recursion",
      "http.status_code": "500",
      "http.url": "http://localhost:7777/debugger/exceptionreplay/recursion?depth=20",
      "http.useragent": "<scrubbed>",
      "key1": "val1",
      "key2": "val2",
      "language": "dotnet",
      "network.client.ip": "192.168.65.1",
      "runtime-id": "<scrubbed>",
      "span.kind": "server",
      "version": "<scrubbed>"
    },
    "metrics": "<scrubbed>",
    "name": "aspnet_core.request",
    "resource": "GET /debugger/exceptionreplay/recursion",
    "service": "weblog",
    "spanID": "<scrubbed>",
    "start": "<scrubbed>",
    "traceID": "<scrubbed>",
    "type": "web"
  },
  "snapshot_3": {
    "duration": "<scrubbed>",
    "error": 1,
    "meta": {
      "_dd.appsec.event_rules.version": "<scrubbed>",
      "_dd.debug.error.0.frame_data.class_name": "DebuggerController",
      "_dd.debug.error.0.frame_data.function": "ExceptionReplayRecursion",
      "_dd.debug.error.0.snapshot_id": "<scrubbed>",
      "_dd.debug.error.1.frame_data.class_name": "DebuggerController",
      "_dd.debug.error.1.frame_data.function": "ExceptionReplayRecursion",
      "_dd.debug.error.1.snapshot_id": "<scrubbed>",
      "_dd.debug.error.2.frame_data.class_name": "DebuggerController",
      "_dd.debug.error.2.frame_data.function": "ExceptionReplayRecursion",
      "_dd.debug.error.2.snapshot_id": "<scrubbed>",
      "_dd.debug.error.20.frame_data.class_name": "DebuggerController",
      "_dd.debug.error.20.frame_data.function": "ExceptionReplayRecursion",
      "_dd.debug.error.20.snapshot_id": "<scrubbed>",
      "_dd.debug.error.3.frame_data.class_name": "DebuggerController",
      "_dd.debug.error.3.frame_data.function": "ExceptionReplayRecursion",
      "_dd.debug.error.3.snapshot_id": "<scrubbed>",
      "_dd.debug.error.exception_hash": "<scrubbed>",
      "_dd.debug.error.exception_id": "<scrubbed>",
      "_dd.di._eh": "-1523956302",
      "_dd.di._er": "Eligible",
      "_dd.iast.enabled": "1",
      "_dd.runtime_family": "dotnet",
      "aspnet_core.endpoint": "weblog.DebuggerController.ExceptionReplayRecursion (app)",
      "aspnet_core.route": "debugger/exceptionreplay/recursion",
      "component": "aspnet_core",
      "env": "system-tests",
      "error.debug_info_captured": "true",
      "error.msg": "Recursion exception",
      "error.stack": "System.Exception: Recursion exception\n   at weblog.DebuggerController.ExceptionReplayRecursion(Int32 depth) in /app/DebuggerCont<scrubbed>",
      "error.type": "System.Exception",
      "http.client_ip": "192.168.65.1",
      "http.method": "GET",
      "http.request.headers.host": "localhost:7777",
      "http.request.headers.user-agent": "<scrubbed>",
      "http.route": "debugger/exceptionreplay/recursion",
      "http.status_code": "500",
      "http.url": "http://localhost:7777/debugger/exceptionreplay/recursion?depth=20",
      "http.useragent": "<scrubbed>",
      "key1": "val1",
      "key2": "val2",
      "language": "dotnet",
      "network.client.ip": "192.168.65.1",
      "runtime-id": "<scrubbed>",
      "span.kind": "server",
      "version": "<scrubbed>"
    },
    "metrics": "<scrubbed>",
    "name": "aspnet_core.request",
    "resource": "GET /debugger/exceptionreplay/recursion",
    "service": "weblog",
    "spanID": "<scrubbed>",
    "start": "<scrubbed>",
    "traceID": "<scrubbed>",
    "type": "web"
  },
  "snapshot_4": {
    "duration": "<scrubbed>",
    "error": 1,
    "meta": {
      "_dd.appsec.event_rules.version": "<scrubbed>",
      "_dd.debug.error.0.frame_data.class_name": "DebuggerController",
      "_dd.debug.error.0.frame_data.function": "ExceptionReplayRecursion",
      "_dd.debug.error.0.snapshot_id": "<scrubbed>",
      "_dd.debug.error.1.frame_data.class_name": "DebuggerController",
      "_dd.debug.error.1.frame_data.function": "ExceptionReplayRecursion",
      "_dd.debug.error.1.snapshot_id": "<scrubbed>",
      "_dd.debug.error.2.frame_data.class_name": "DebuggerController",
      "_dd.debug.error.2.frame_data.function": "ExceptionReplayRecursion",
      "_dd.debug.error.2.snapshot_id": "<scrubbed>",
      "_dd.debug.error.20.frame_data.class_name": "DebuggerController",
      "_dd.debug.error.20.frame_data.function": "ExceptionReplayRecursion",
      "_dd.debug.error.20.snapshot_id": "<scrubbed>",
      "_dd.debug.error.3.frame_data.class_name": "DebuggerController",
      "_dd.debug.error.3.frame_data.function": "ExceptionReplayRecursion",
      "_dd.debug.error.3.snapshot_id": "<scrubbed>",
      "_dd.debug.error.exception_hash": "<scrubbed>",
      "_dd.debug.error.exception_id": "<scrubbed>",
      "_dd.di._eh": "-1523956302",
      "_dd.di._er": "Eligible",
      "_dd.iast.enabled": "1",
      "_dd.runtime_family": "dotnet",
      "aspnet_core.endpoint": "weblog.DebuggerController.ExceptionReplayRecursion (app)",
      "aspnet_core.route": "debugger/exceptionreplay/recursion",
      "component": "aspnet_core",
      "env": "system-tests",
      "error.debug_info_captured": "true",
      "error.msg": "Recursion exception",
      "error.stack": "System.Exception: Recursion exception\n   at weblog.DebuggerController.ExceptionReplayRecursion(Int32 depth) in /app/DebuggerCont<scrubbed>",
      "error.type": "System.Exception",
      "http.client_ip": "192.168.65.1",
      "http.method": "GET",
      "http.request.headers.host": "localhost:7777",
      "http.request.headers.user-agent": "<scrubbed>",
      "http.route": "debugger/exceptionreplay/recursion",
      "http.status_code": "500",
      "http.url": "http://localhost:7777/debugger/exceptionreplay/recursion?depth=20",
      "http.useragent": "<scrubbed>",
      "key1": "val1",
      "key2": "val2",
      "language": "dotnet",
      "network.client.ip": "192.168.65.1",
      "runtime-id": "<scrubbed>",
      "span.kind": "server",
      "version": "<scrubbed>"
    },
    "metrics": "<scrubbed>",
    "name": "aspnet_core.request",
    "resource": "GET /debugger/exceptionreplay/recursion",
    "service": "weblog",
    "spanID": "<scrubbed>",
    "start": "<scrubbed>",
    "traceID": "<scrubbed>",
    "type": "web"
  }
}