[
  {
    "id": "<scrubbed>",
    "timestamp": "<scrubbed>",
    "evaluationErrors": [],
    "probe": {
      "id": "<scrubbed>",
      "version": 0,
      "location": {
        "file": "/app/exception_replay_controller.py",
        "lines": [
          "41"
        ]
      }
    },
    "language": "python",
    "stack": [
      {
        "fileName": "/app/exception_replay_controller.py",
        "function": "exception_replay_rps",
        "lineNumber": 41
      },
      {
        "<runtime>": "<scrubbed>"
      }
    ],
    "captures": {
      "lines": {
        "41": {
          "arguments": {},
          "locals": {
            "shape": {
              "type": "str",
              "value": "'paper'"
            },
            "@exception": {
              "type": "ExceptionReplayPaper",
              "fields": "<scrubbed>"
            }
          },
          "staticFields": "<scrubbed>",
          "throwable": {
            "type": "ExceptionReplayPaper",
            "message": "'paper exception'",
            "stacktrace": [
              {
                "fileName": "/app/exception_replay_controller.py",
                "function": "exception_replay_rps",
                "lineNumber": 41
              },
              {
                "<runtime>": "<scrubbed>"
              }
            ]
          }
        }
      }
    },
    "duration": "<scrubbed>",
    "exception-id": "<scrubbed>"
  },
  {
    "id": "<scrubbed>",
    "timestamp": "<scrubbed>",
    "evaluationErrors": [],
    "probe": {
      "id": "<scrubbed>",
      "version": 0,
      "location": {
        "file": "/app/exception_replay_controller.py",
        "lines": [
          "39"
        ]
      }
    },
    "language": "python",
    "stack": [
      {
        "fileName": "/app/exception_replay_controller.py",
        "function": "exception_replay_rps",
        "lineNumber": 39
      },
      {
        "<runtime>": "<scrubbed>"
      }
    ],
    "captures": {
      "lines": {
        "39": {
          "arguments": {},
          "locals": {
            "shape": {
              "type": "str",
              "value": "'rock'"
            },
            "@exception": {
              "type": "ExceptionReplayRock",
              "fields": "<scrubbed>"
            }
          },
          "staticFields": "<scrubbed>",
          "throwable": {
            "type": "ExceptionReplayRock",
            "message": "'rock exception'",
            "stacktrace": [
              {
                "fileName": "/app/exception_replay_controller.py",
                "function": "exception_replay_rps",
                "lineNumber": 39
              },
              {
                "<runtime>": "<scrubbed>"
              }
            ]
          }
        }
      }
    },
    "duration": "<scrubbed>",
    "exception-id": "<scrubbed>"
  },
  {
    "id": "<scrubbed>",
    "timestamp": "<scrubbed>",
    "evaluationErrors": [],
    "probe": {
      "id": "<scrubbed>",
      "version": 0,
      "location": {
        "file": "/app/exception_replay_controller.py",
        "lines": [
          "43"
        ]
      }
    },
    "language": "python",
    "stack": [
      {
        "fileName": "/app/exception_replay_controller.py",
        "function": "exception_replay_rps",
        "lineNumber": 43
      },
      {
        "<runtime>": "<scrubbed>"
      }
    ],
    "captures": {
      "lines": {
        "43": {
          "arguments": {},
          "locals": {
            "shape": {
              "type": "str",
              "value": "'scissors'"
            },
            "@exception": {
              "type": "ExceptionReplayScissors",
              "fields": "<scrubbed>"
            }
          },
          "staticFields": "<scrubbed>",
          "throwable": {
            "type": "ExceptionReplayScissors",
            "message": "'scissors exception'",
            "stacktrace": [
              {
                "fileName": "/app/exception_replay_controller.py",
                "function": "exception_replay_rps",
                "lineNumber": 43
              },
              {
                "<runtime>": "<scrubbed>"
              }
            ]
          }
        }
      }
    },
    "duration": "<scrubbed>",
    "exception-id": "<scrubbed>"
  }
]