{
  "_dd.debug.error.0.snapshot_id": "<scrubbed>",
  "_dd.debug.error.1.snapshot_id": "<scrubbed>",
  "_dd.debug.error.2.snapshot_id": "<scrubbed>",
  "_dd.debug.error.3.snapshot_id": "<scrubbed>",
  "_dd.debug.error.4.snapshot_id": "<scrubbed>",
  "_dd.debug.error.5.snapshot_id": "<scrubbed>",
  "_dd.debug.error.6.snapshot_id": "<scrubbed>",
  "_dd.debug.error.exception_capture_id": "<scrubbed>",
  "_dd.debug.error.exception_hash": "7262e893d52a8efc"
}