{
  "snapshot_0": {
    "duration": "<scrubbed>",
    "error": 1,
    "meta": {
      "_dd.appsec.event_rules.version": "<scrubbed>",
      "_dd.debug.error.0.frame_data.class_name": "ExceptionReplayController",
      "_dd.debug.error.0.frame_data.function": "exceptionReplayRecursionHelper",
      "_dd.debug.error.0.snapshot_id": "<scrubbed>",
      "_dd.debug.error.1.frame_data.class_name": "ExceptionReplayController",
      "_dd.debug.error.1.frame_data.function": "exceptionReplayRecursionHelper",
      "_dd.debug.error.1.snapshot_id": "<scrubbed>",
      "_dd.debug.error.2.frame_data.class_name": "ExceptionReplayController",
      "_dd.debug.error.2.frame_data.function": "exceptionReplayRecursionHelper",
      "_dd.debug.error.2.snapshot_id": "<scrubbed>",
      "_dd.debug.error.3.frame_data.class_name": "ExceptionReplayController",
      "_dd.debug.error.3.frame_data.function": "exceptionReplayRecursionHelper",
      "_dd.debug.error.3.snapshot_id": "<scrubbed>",
      "_dd.debug.error.4.frame_data.class_name": "ExceptionReplayController",
      "_dd.debug.error.4.frame_data.function": "exceptionReplayRecursionHelper",
      "_dd.debug.error.4.snapshot_id": "<scrubbed>",
      "_dd.debug.error.5.frame_data.class_name": "ExceptionReplayController",
      "_dd.debug.error.5.frame_data.function": "exceptionReplayRecursionHelper",
      "_dd.debug.error.5.snapshot_id": "<scrubbed>",
      "_dd.debug.error.6.frame_data.class_name": "ExceptionReplayController",
      "_dd.debug.error.6.frame_data.function": "exceptionReplayRecursion",
      "_dd.debug.error.6.snapshot_id": "<scrubbed>",
      "_dd.debug.error.exception_hash": "<scrubbed>",
      "_dd.debug.error.exception_id": "<scrubbed>",
      "_dd.di._eh": "-1928747995",
      "_dd.di._er": "Eligible",
      "_dd.iast.enabled": "1",
      "_dd.runtime_family": "dotnet",
      "aspnet_core.endpoint": "weblog.ExceptionReplayController.exceptionReplayRecursion (app)",
      "aspnet_core.route": "exceptionreplay/recursion",
      "component": "aspnet_core",
      "env": "system-tests",
      "error.debug_info_captured": "true",
      "error.msg": "recursion exception depth 5",
      "error.stack": "System.Exception: recursion exception depth 5\n   at weblog.ExceptionReplayController.exceptionReplayRecursionHelper(Int32 origin<scrubbed>",
      "error.type": "System.Exception",
      "http.client_ip": "<scrubbed>",
      "http.method": "GET",
      "http.request.headers.host": "localhost:7777",
      "http.request.headers.user-agent": "<scrubbed>",
      "http.route": "exceptionreplay/recursion",
      "http.status_code": "500",
      "http.url": "http://localhost:7777/exceptionreplay/recursion?depth=5",
      "http.useragent": "<scrubbed>",
      "key1": "val1",
      "key2": "val2",
      "language": "dotnet",
      "network.client.ip": "<scrubbed>",
      "runtime-id": "<scrubbed>",
      "span.kind": "server",
      "version": "<scrubbed>"
    },
    "metrics": "<scrubbed>",
    "name": "aspnet_core.request",
    "resource": "GET /exceptionreplay/recursion",
    "service": "weblog",
    "spanID": "<scrubbed>",
    "start": "<scrubbed>",
    "traceID": "<scrubbed>",
    "type": "web"
  },
  "snapshot_1": {
    "duration": "<scrubbed>",
    "error": 1,
    "meta": {
      "_dd.appsec.event_rules.version": "<scrubbed>",
      "_dd.debug.error.0.frame_data.class_name": "ExceptionReplayController",
      "_dd.debug.error.0.frame_data.function": "exceptionReplayRecursionHelper",
      "_dd.debug.error.0.snapshot_id": "<scrubbed>",
      "_dd.debug.error.1.frame_data.class_name": "ExceptionReplayController",
      "_dd.debug.error.1.frame_data.function": "exceptionReplayRecursionHelper",
      "_dd.debug.error.1.snapshot_id": "<scrubbed>",
      "_dd.debug.error.2.frame_data.class_name": "ExceptionReplayController",
      "_dd.debug.error.2.frame_data.function": "exceptionReplayRecursionHelper",
      "_dd.debug.error.2.snapshot_id": "<scrubbed>",
      "_dd.debug.error.3.frame_data.class_name": "ExceptionReplayController",
      "_dd.debug.error.3.frame_data.function": "exceptionReplayRecursionHelper",
      "_dd.debug.error.3.snapshot_id": "<scrubbed>",
      "_dd.debug.error.4.frame_data.class_name": "ExceptionReplayController",
      "_dd.debug.error.4.frame_data.function": "exceptionReplayRecursionHelper",
      "_dd.debug.error.4.snapshot_id": "<scrubbed>",
      "_dd.debug.error.5.frame_data.class_name": "ExceptionReplayController",
      "_dd.debug.error.5.frame_data.function": "exceptionReplayRecursionHelper",
      "_dd.debug.error.5.snapshot_id": "<scrubbed>",
      "_dd.debug.error.6.frame_data.class_name": "ExceptionReplayController",
      "_dd.debug.error.6.frame_data.function": "exceptionReplayRecursion",
      "_dd.debug.error.6.snapshot_id": "<scrubbed>",
      "_dd.debug.error.exception_hash": "<scrubbed>",
      "_dd.debug.error.exception_id": "<scrubbed>",
      "_dd.di._eh": "-1928747995",
      "_dd.di._er": "Eligible",
      "_dd.iast.enabled": "1",
      "_dd.runtime_family": "dotnet",
      "aspnet_core.endpoint": "weblog.ExceptionReplayController.exceptionReplayRecursion (app)",
      "aspnet_core.route": "exceptionreplay/recursion",
      "component": "aspnet_core",
      "env": "system-tests",
      "error.debug_info_captured": "true",
      "error.msg": "recursion exception depth 5",
      "error.stack": "System.Exception: recursion exception depth 5\n   at weblog.ExceptionReplayController.exceptionReplayRecursionHelper(Int32 origin<scrubbed>",
      "error.type": "System.Exception",
      "http.client_ip": "<scrubbed>",
      "http.method": "GET",
      "http.request.headers.host": "localhost:7777",
      "http.request.headers.user-agent": "<scrubbed>",
      "http.route": "exceptionreplay/recursion",
      "http.status_code": "500",
      "http.url": "http://localhost:7777/exceptionreplay/recursion?depth=5",
      "http.useragent": "<scrubbed>",
      "key1": "val1",
      "key2": "val2",
      "language": "dotnet",
      "network.client.ip": "<scrubbed>",
      "runtime-id": "<scrubbed>",
      "span.kind": "server",
      "version": "<scrubbed>"
    },
    "metrics": "<scrubbed>",
    "name": "aspnet_core.request",
    "resource": "GET /exceptionreplay/recursion",
    "service": "weblog",
    "spanID": "<scrubbed>",
    "start": "<scrubbed>",
    "traceID": "<scrubbed>",
    "type": "web"
  },
  "snapshot_2": {
    "duration": "<scrubbed>",
    "error": 1,
    "meta": {
      "_dd.appsec.event_rules.version": "<scrubbed>",
      "_dd.debug.error.0.frame_data.class_name": "ExceptionReplayController",
      "_dd.debug.error.0.frame_data.function": "exceptionReplayRecursionHelper",
      "_dd.debug.error.0.snapshot_id": "<scrubbed>",
      "_dd.debug.error.1.frame_data.class_name": "ExceptionReplayController",
      "_dd.debug.error.1.frame_data.function": "exceptionReplayRecursionHelper",
      "_dd.debug.error.1.snapshot_id": "<scrubbed>",
      "_dd.debug.error.2.frame_data.class_name": "ExceptionReplayController",
      "_dd.debug.error.2.frame_data.function": "exceptionReplayRecursionHelper",
      "_dd.debug.error.2.snapshot_id": "<scrubbed>",
      "_dd.debug.error.3.frame_data.class_name": "ExceptionReplayController",
      "_dd.debug.error.3.frame_data.function": "exceptionReplayRecursionHelper",
      "_dd.debug.error.3.snapshot_id": "<scrubbed>",
      "_dd.debug.error.4.frame_data.class_name": "ExceptionReplayController",
      "_dd.debug.error.4.frame_data.function": "exceptionReplayRecursionHelper",
      "_dd.debug.error.4.snapshot_id": "<scrubbed>",
      "_dd.debug.error.5.frame_data.class_name": "ExceptionReplayController",
      "_dd.debug.error.5.frame_data.function": "exceptionReplayRecursionHelper",
      "_dd.debug.error.5.snapshot_id": "<scrubbed>",
      "_dd.debug.error.6.frame_data.class_name": "ExceptionReplayController",
      "_dd.debug.error.6.frame_data.function": "exceptionReplayRecursion",
      "_dd.debug.error.6.snapshot_id": "<scrubbed>",
      "_dd.debug.error.exception_hash": "<scrubbed>",
      "_dd.debug.error.exception_id": "<scrubbed>",
      "_dd.di._eh": "-1928747995",
      "_dd.di._er": "Eligible",
      "_dd.iast.enabled": "1",
      "_dd.runtime_family": "dotnet",
      "aspnet_core.endpoint": "weblog.ExceptionReplayController.exceptionReplayRecursion (app)",
      "aspnet_core.route": "exceptionreplay/recursion",
      "component": "aspnet_core",
      "env": "system-tests",
      "error.debug_info_captured": "true",
      "error.msg": "recursion exception depth 5",
      "error.stack": "System.Exception: recursion exception depth 5\n   at weblog.ExceptionReplayController.exceptionReplayRecursionHelper(Int32 origin<scrubbed>",
      "error.type": "System.Exception",
      "http.client_ip": "<scrubbed>",
      "http.method": "GET",
      "http.request.headers.host": "localhost:7777",
      "http.request.headers.user-agent": "<scrubbed>",
      "http.route": "exceptionreplay/recursion",
      "http.status_code": "500",
      "http.url": "http://localhost:7777/exceptionreplay/recursion?depth=5",
      "http.useragent": "<scrubbed>",
      "key1": "val1",
      "key2": "val2",
      "language": "dotnet",
      "network.client.ip": "<scrubbed>",
      "runtime-id": "<scrubbed>",
      "span.kind": "server",
      "version": "<scrubbed>"
    },
    "metrics": "<scrubbed>",
    "name": "aspnet_core.request",
    "resource": "GET /exceptionreplay/recursion",
    "service": "weblog",
    "spanID": "<scrubbed>",
    "start": "<scrubbed>",
    "traceID": "<scrubbed>",
    "type": "web"
  },
  "snapshot_3": {
    "duration": "<scrubbed>",
    "error": 1,
    "meta": {
      "_dd.appsec.event_rules.version": "<scrubbed>",
      "_dd.debug.error.0.frame_data.class_name": "ExceptionReplayController",
      "_dd.debug.error.0.frame_data.function": "exceptionReplayRecursionHelper",
      "_dd.debug.error.0.snapshot_id": "<scrubbed>",
      "_dd.debug.error.1.frame_data.class_name": "ExceptionReplayController",
      "_dd.debug.error.1.frame_data.function": "exceptionReplayRecursionHelper",
      "_dd.debug.error.1.snapshot_id": "<scrubbed>",
      "_dd.debug.error.2.frame_data.class_name": "ExceptionReplayController",
      "_dd.debug.error.2.frame_data.function": "exceptionReplayRecursionHelper",
      "_dd.debug.error.2.snapshot_id": "<scrubbed>",
      "_dd.debug.error.3.frame_data.class_name": "ExceptionReplayController",
      "_dd.debug.error.3.frame_data.function": "exceptionReplayRecursionHelper",
      "_dd.debug.error.3.snapshot_id": "<scrubbed>",
      "_dd.debug.error.4.frame_data.class_name": "ExceptionReplayController",
      "_dd.debug.error.4.frame_data.function": "exceptionReplayRecursionHelper",
      "_dd.debug.error.4.snapshot_id": "<scrubbed>",
      "_dd.debug.error.5.frame_data.class_name": "ExceptionReplayController",
      "_dd.debug.error.5.frame_data.function": "exceptionReplayRecursionHelper",
      "_dd.debug.error.5.snapshot_id": "<scrubbed>",
      "_dd.debug.error.6.frame_data.class_name": "ExceptionReplayController",
      "_dd.debug.error.6.frame_data.function": "exceptionReplayRecursion",
      "_dd.debug.error.6.snapshot_id": "<scrubbed>",
      "_dd.debug.error.exception_hash": "<scrubbed>",
      "_dd.debug.error.exception_id": "<scrubbed>",
      "_dd.di._eh": "-1928747995",
      "_dd.di._er": "Eligible",
      "_dd.iast.enabled": "1",
      "_dd.runtime_family": "dotnet",
      "aspnet_core.endpoint": "weblog.ExceptionReplayController.exceptionReplayRecursion (app)",
      "aspnet_core.route": "exceptionreplay/recursion",
      "component": "aspnet_core",
      "env": "system-tests",
      "error.debug_info_captured": "true",
      "error.msg": "recursion exception depth 5",
      "error.stack": "System.Exception: recursion exception depth 5\n   at weblog.ExceptionReplayController.exceptionReplayRecursionHelper(Int32 origin<scrubbed>",
      "error.type": "System.Exception",
      "http.client_ip": "<scrubbed>",
      "http.method": "GET",
      "http.request.headers.host": "localhost:7777",
      "http.request.headers.user-agent": "<scrubbed>",
      "http.route": "exceptionreplay/recursion",
      "http.status_code": "500",
      "http.url": "http://localhost:7777/exceptionreplay/recursion?depth=5",
      "http.useragent": "<scrubbed>",
      "key1": "val1",
      "key2": "val2",
      "language": "dotnet",
      "network.client.ip": "<scrubbed>",
      "runtime-id": "<scrubbed>",
      "span.kind": "server",
      "version": "<scrubbed>"
    },
    "metrics": "<scrubbed>",
    "name": "aspnet_core.request",
    "resource": "GET /exceptionreplay/recursion",
    "service": "weblog",
    "spanID": "<scrubbed>",
    "start": "<scrubbed>",
    "traceID": "<scrubbed>",
    "type": "web"
  },
  "snapshot_4": {
    "duration": "<scrubbed>",
    "error": 1,
    "meta": {
      "_dd.appsec.event_rules.version": "<scrubbed>",
      "_dd.debug.error.0.frame_data.class_name": "ExceptionReplayController",
      "_dd.debug.error.0.frame_data.function": "exceptionReplayRecursionHelper",
      "_dd.debug.error.0.snapshot_id": "<scrubbed>",
      "_dd.debug.error.1.frame_data.class_name": "ExceptionReplayController",
      "_dd.debug.error.1.frame_data.function": "exceptionReplayRecursionHelper",
      "_dd.debug.error.1.snapshot_id": "<scrubbed>",
      "_dd.debug.error.2.frame_data.class_name": "ExceptionReplayController",
      "_dd.debug.error.2.frame_data.function": "exceptionReplayRecursionHelper",
      "_dd.debug.error.2.snapshot_id": "<scrubbed>",
      "_dd.debug.error.3.frame_data.class_name": "ExceptionReplayController",
      "_dd.debug.error.3.frame_data.function": "exceptionReplayRecursionHelper",
      "_dd.debug.error.3.snapshot_id": "<scrubbed>",
      "_dd.debug.error.4.frame_data.class_name": "ExceptionReplayController",
      "_dd.debug.error.4.frame_data.function": "exceptionReplayRecursionHelper",
      "_dd.debug.error.4.snapshot_id": "<scrubbed>",
      "_dd.debug.error.5.frame_data.class_name": "ExceptionReplayController",
      "_dd.debug.error.5.frame_data.function": "exceptionReplayRecursionHelper",
      "_dd.debug.error.5.snapshot_id": "<scrubbed>",
      "_dd.debug.error.6.frame_data.class_name": "ExceptionReplayController",
      "_dd.debug.error.6.frame_data.function": "exceptionReplayRecursion",
      "_dd.debug.error.6.snapshot_id": "<scrubbed>",
      "_dd.debug.error.exception_hash": "<scrubbed>",
      "_dd.debug.error.exception_id": "<scrubbed>",
      "_dd.di._eh": "-1928747995",
      "_dd.di._er": "Eligible",
      "_dd.iast.enabled": "1",
      "_dd.runtime_family": "dotnet",
      "aspnet_core.endpoint": "weblog.ExceptionReplayController.exceptionReplayRecursion (app)",
      "aspnet_core.route": "exceptionreplay/recursion",
      "component": "aspnet_core",
      "env": "system-tests",
      "error.debug_info_captured": "true",
      "error.msg": "recursion exception depth 5",
      "error.stack": "System.Exception: recursion exception depth 5\n   at weblog.ExceptionReplayController.exceptionReplayRecursionHelper(Int32 origin<scrubbed>",
      "error.type": "System.Exception",
      "http.client_ip": "<scrubbed>",
      "http.method": "GET",
      "http.request.headers.host": "localhost:7777",
      "http.request.headers.user-agent": "<scrubbed>",
      "http.route": "exceptionreplay/recursion",
      "http.status_code": "500",
      "http.url": "http://localhost:7777/exceptionreplay/recursion?depth=5",
      "http.useragent": "<scrubbed>",
      "key1": "val1",
      "key2": "val2",
      "language": "dotnet",
      "network.client.ip": "<scrubbed>",
      "runtime-id": "<scrubbed>",
      "span.kind": "server",
      "version": "<scrubbed>"
    },
    "metrics": "<scrubbed>",
    "name": "aspnet_core.request",
    "resource": "GET /exceptionreplay/recursion",
    "service": "weblog",
    "spanID": "<scrubbed>",
    "start": "<scrubbed>",
    "traceID": "<scrubbed>",
    "type": "web"
  },
  "snapshot_5": {
    "duration": "<scrubbed>",
    "error": 1,
    "meta": {
      "_dd.appsec.event_rules.version": "<scrubbed>",
      "_dd.debug.error.0.frame_data.class_name": "ExceptionReplayController",
      "_dd.debug.error.0.frame_data.function": "exceptionReplayRecursionHelper",
      "_dd.debug.error.0.snapshot_id": "<scrubbed>",
      "_dd.debug.error.1.frame_data.class_name": "ExceptionReplayController",
      "_dd.debug.error.1.frame_data.function": "exceptionReplayRecursionHelper",
      "_dd.debug.error.1.snapshot_id": "<scrubbed>",
      "_dd.debug.error.2.frame_data.class_name": "ExceptionReplayController",
      "_dd.debug.error.2.frame_data.function": "exceptionReplayRecursionHelper",
      "_dd.debug.error.2.snapshot_id": "<scrubbed>",
      "_dd.debug.error.3.frame_data.class_name": "ExceptionReplayController",
      "_dd.debug.error.3.frame_data.function": "exceptionReplayRecursionHelper",
      "_dd.debug.error.3.snapshot_id": "<scrubbed>",
      "_dd.debug.error.4.frame_data.class_name": "ExceptionReplayController",
      "_dd.debug.error.4.frame_data.function": "exceptionReplayRecursionHelper",
      "_dd.debug.error.4.snapshot_id": "<scrubbed>",
      "_dd.debug.error.5.frame_data.class_name": "ExceptionReplayController",
      "_dd.debug.error.5.frame_data.function": "exceptionReplayRecursionHelper",
      "_dd.debug.error.5.snapshot_id": "<scrubbed>",
      "_dd.debug.error.6.frame_data.class_name": "ExceptionReplayController",
      "_dd.debug.error.6.frame_data.function": "exceptionReplayRecursion",
      "_dd.debug.error.6.snapshot_id": "<scrubbed>",
      "_dd.debug.error.exception_hash": "<scrubbed>",
      "_dd.debug.error.exception_id": "<scrubbed>",
      "_dd.di._eh": "-1928747995",
      "_dd.di._er": "Eligible",
      "_dd.iast.enabled": "1",
      "_dd.runtime_family": "dotnet",
      "aspnet_core.endpoint": "weblog.ExceptionReplayController.exceptionReplayRecursion (app)",
      "aspnet_core.route": "exceptionreplay/recursion",
      "component": "aspnet_core",
      "env": "system-tests",
      "error.debug_info_captured": "true",
      "error.msg": "recursion exception depth 5",
      "error.stack": "System.Exception: recursion exception depth 5\n   at weblog.ExceptionReplayController.exceptionReplayRecursionHelper(Int32 origin<scrubbed>",
      "error.type": "System.Exception",
      "http.client_ip": "<scrubbed>",
      "http.method": "GET",
      "http.request.headers.host": "localhost:7777",
      "http.request.headers.user-agent": "<scrubbed>",
      "http.route": "exceptionreplay/recursion",
      "http.status_code": "500",
      "http.url": "http://localhost:7777/exceptionreplay/recursion?depth=5",
      "http.useragent": "<scrubbed>",
      "key1": "val1",
      "key2": "val2",
      "language": "dotnet",
      "network.client.ip": "<scrubbed>",
      "runtime-id": "<scrubbed>",
      "span.kind": "server",
      "version": "<scrubbed>"
    },
    "metrics": "<scrubbed>",
    "name": "aspnet_core.request",
    "resource": "GET /exceptionreplay/recursion",
    "service": "weblog",
    "spanID": "<scrubbed>",
    "start": "<scrubbed>",
    "traceID": "<scrubbed>",
    "type": "web"
  },
  "snapshot_6": {
    "duration": "<scrubbed>",
    "error": 1,
    "meta": {
      "_dd.appsec.event_rules.version": "<scrubbed>",
      "_dd.debug.error.0.frame_data.class_name": "ExceptionReplayController",
      "_dd.debug.error.0.frame_data.function": "exceptionReplayRecursionHelper",
      "_dd.debug.error.0.snapshot_id": "<scrubbed>",
      "_dd.debug.error.1.frame_data.class_name": "ExceptionReplayController",
      "_dd.debug.error.1.frame_data.function": "exceptionReplayRecursionHelper",
      "_dd.debug.error.1.snapshot_id": "<scrubbed>",
      "_dd.debug.error.2.frame_data.class_name": "ExceptionReplayController",
      "_dd.debug.error.2.frame_data.function": "exceptionReplayRecursionHelper",
      "_dd.debug.error.2.snapshot_id": "<scrubbed>",
      "_dd.debug.error.3.frame_data.class_name": "ExceptionReplayController",
      "_dd.debug.error.3.frame_data.function": "exceptionReplayRecursionHelper",
      "_dd.debug.error.3.snapshot_id": "<scrubbed>",
      "_dd.debug.error.4.frame_data.class_name": "ExceptionReplayController",
      "_dd.debug.error.4.frame_data.function": "exceptionReplayRecursionHelper",
      "_dd.debug.error.4.snapshot_id": "<scrubbed>",
      "_dd.debug.error.5.frame_data.class_name": "ExceptionReplayController",
      "_dd.debug.error.5.frame_data.function": "exceptionReplayRecursionHelper",
      "_dd.debug.error.5.snapshot_id": "<scrubbed>",
      "_dd.debug.error.6.frame_data.class_name": "ExceptionReplayController",
      "_dd.debug.error.6.frame_data.function": "exceptionReplayRecursion",
      "_dd.debug.error.6.snapshot_id": "<scrubbed>",
      "_dd.debug.error.exception_hash": "<scrubbed>",
      "_dd.debug.error.exception_id": "<scrubbed>",
      "_dd.di._eh": "-1928747995",
      "_dd.di._er": "Eligible",
      "_dd.iast.enabled": "1",
      "_dd.runtime_family": "dotnet",
      "aspnet_core.endpoint": "weblog.ExceptionReplayController.exceptionReplayRecursion (app)",
      "aspnet_core.route": "exceptionreplay/recursion",
      "component": "aspnet_core",
      "env": "system-tests",
      "error.debug_info_captured": "true",
      "error.msg": "recursion exception depth 5",
      "error.stack": "System.Exception: recursion exception depth 5\n   at weblog.ExceptionReplayController.exceptionReplayRecursionHelper(Int32 origin<scrubbed>",
      "error.type": "System.Exception",
      "http.client_ip": "<scrubbed>",
      "http.method": "GET",
      "http.request.headers.host": "localhost:7777",
      "http.request.headers.user-agent": "<scrubbed>",
      "http.route": "exceptionreplay/recursion",
      "http.status_code": "500",
      "http.url": "http://localhost:7777/exceptionreplay/recursion?depth=5",
      "http.useragent": "<scrubbed>",
      "key1": "val1",
      "key2": "val2",
      "language": "dotnet",
      "network.client.ip": "<scrubbed>",
      "runtime-id": "<scrubbed>",
      "span.kind": "server",
      "version": "<scrubbed>"
    },
    "metrics": "<scrubbed>",
    "name": "aspnet_core.request",
    "resource": "GET /exceptionreplay/recursion",
    "service": "weblog",
    "spanID": "<scrubbed>",
    "start": "<scrubbed>",
    "traceID": "<scrubbed>",
    "type": "web"
  }
}