{
  "captures": {
    "return": {
      "staticFields": {
        "Empty": {
          "type": "EmptyResult",
          "value": "EmptyResult"
        }
      },
      "throwable": {
        "message": "Hello from exception",
        "type": "System.Exception",
        "stacktrace": [
          {
            "function": "weblog.DebuggerController.ExpressionException",
            "lineNumber": 0
          },
          {
            "function": "Unknown.lambda_method122",
            "lineNumber": 0
          },
          {
            "function": "Microsoft.AspNetCore.Mvc.Infrastructure.ActionMethodExecutor+SyncActionResultExecutor.Execute",
            "lineNumber": 0
          },
          {
            "function": "Microsoft.AspNetCore.Mvc.Infrastructure.ControllerActionInvoker+<<InvokeActionMethodAsync>g__Logged|12_1>d.MoveNext",
            "lineNumber": 0
          }
        ]
      },
      "locals": {
        "@exception": {
          "type": "Exception",
          "value": "Exception",
          "fields": {
            "Message": {
              "type": "String",
              "value": "Hello from exception"
            },
            "InnerException": {
              "type": "Exception",
              "isNull": "true"
            },
            "HelpLink": {
              "type": "String",
              "isNull": "true"
            },
            "Source": {
              "type": "String",
              "value": "app"
            },
            "HResult": {
              "type": "Int32",
              "value": "-2146233088"
            },
            "StackTrace": {
              "type": "String",
              "value": "   at weblog.DebuggerController.ExpressionException() in /app/DebuggerController.cs:line 81\n   at lambda_method122(Closure, Object, Object[])\n   at Microsoft.AspNetCore.Mvc.Infrastructure.ActionMethodExecutor.SyncActionResultExecutor.Execute(ActionContext actionContext, IActionResultTypeMapper mapper, ObjectMethodExecutor executor, Object controller, Object[] arguments)\n   at Microsoft.AspNetCore.Mvc.Infrastructure.ControllerActionInvoker.<InvokeActionMethodAsync>g__Logged|12_1(ControllerActionInvoker invoker)"
            }
          }
        }
      },
      "arguments": {
        "this": {
          "type": "DebuggerController",
          "value": "DebuggerController"
        }
      }
    }
  },
  "probe": {
    "id": "<scrubbed>",
    "version": 1,
    "location": {
      "method": "ExpressionException",
      "type": "weblog.DebuggerController"
    }
  },
  "stack": [
    {
      "function": "weblog.DebuggerController.ExpressionException",
      "fileName": "/app/DebuggerController.cs",
      "lineNumber": 81
    },
    {
      "function": "Unknown.lambda_method122",
      "lineNumber": 0
    },
    {
      "function": "Microsoft.AspNetCore.Mvc.Infrastructure.ActionMethodExecutor+SyncActionResultExecutor.Execute",
      "lineNumber": 0
    },
    {
      "function": "Microsoft.AspNetCore.Mvc.Infrastructure.ControllerActionInvoker+<<InvokeActionMethodAsync>g__Logged|12_1>d.MoveNext",
      "lineNumber": 0
    },
    {
      "function": "System.Runtime.CompilerServices.AsyncMethodBuilderCore.Start",
      "lineNumber": 0
    },
    {
      "function": "System.Runtime.CompilerServices.AsyncTaskMethodBuilder.Start",
      "lineNumber": 0
    },
    {
      "function": "Microsoft.AspNetCore.Mvc.Infrastructure.ControllerActionInvoker.<InvokeActionMethodAsync>g__Logged|12_1",
      "lineNumber": 0
    },
    {
      "function": "Microsoft.AspNetCore.Mvc.Infrastructure.ControllerActionInvoker.InvokeActionMethodAsync",
      "lineNumber": 0
    },
    {
      "function": "Microsoft.AspNetCore.Mvc.Infrastructure.ControllerActionInvoker.Next",
      "lineNumber": 0
    },
    {
      "function": "Microsoft.AspNetCore.Mvc.Infrastructure.ControllerActionInvoker.InvokeNextActionFilterAsync",
      "lineNumber": 0
    },
    {
      "function": "Microsoft.AspNetCore.Mvc.Infrastructure.ControllerActionInvoker.Next",
      "lineNumber": 0
    },
    {
      "function": "Microsoft.AspNetCore.Mvc.Infrastructure.ControllerActionInvoker.InvokeNextActionFilterAsync",
      "lineNumber": 0
    },
    {
      "function": "Microsoft.AspNetCore.Mvc.Infrastructure.ControllerActionInvoker.Next",
      "lineNumber": 0
    },
    {
      "function": "Microsoft.AspNetCore.Mvc.Infrastructure.ControllerActionInvoker.InvokeNextActionFilterAsync",
      "lineNumber": 0
    },
    {
      "function": "Microsoft.AspNetCore.Mvc.Infrastructure.ControllerActionInvoker.Next",
      "lineNumber": 0
    },
    {
      "function": "Microsoft.AspNetCore.Mvc.Infrastructure.ControllerActionInvoker.InvokeNextActionFilterAsync",
      "lineNumber": 0
    },
    {
      "function": "Microsoft.AspNetCore.Mvc.Infrastructure.ControllerActionInvoker.InvokeNextActionFilterAwaitedAsync",
      "lineNumber": 0
    },
    {
      "function": "Microsoft.AspNetCore.Mvc.Controller.OnActionExecutionAsync",
      "lineNumber": 0
    },
    {
      "function": "Microsoft.AspNetCore.Mvc.Infrastructure.ControllerActionInvoker.Next",
      "lineNumber": 0
    },
    {
      "function": "Microsoft.AspNetCore.Mvc.Infrastructure.ControllerActionInvoker.InvokeInnerFilterAsync",
      "lineNumber": 0
    },
    {
      "function": "Microsoft.AspNetCore.Mvc.Infrastructure.ResourceInvoker.Next",
      "lineNumber": 0
    },
    {
      "function": "Microsoft.AspNetCore.Mvc.Infrastructure.ResourceInvoker.InvokeNextResourceFilter",
      "lineNumber": 0
    },
    {
      "function": "Microsoft.AspNetCore.Mvc.Infrastructure.ResourceInvoker.Next",
      "lineNumber": 0
    },
    {
      "function": "Microsoft.AspNetCore.Mvc.Infrastructure.ResourceInvoker.InvokeNextResourceFilter",
      "lineNumber": 0
    },
    {
      "function": "Microsoft.AspNetCore.Mvc.Infrastructure.ResourceInvoker.Next",
      "lineNumber": 0
    },
    {
      "function": "Microsoft.AspNetCore.Mvc.Infrastructure.ResourceInvoker.InvokeFilterPipelineAsync",
      "lineNumber": 0
    },
    {
      "function": "Microsoft.AspNetCore.Mvc.Infrastructure.ResourceInvoker+<<InvokeAsync>g__Logged|17_1>d.MoveNext",
      "lineNumber": 0
    },
    {
      "function": "System.Runtime.CompilerServices.AsyncMethodBuilderCore.Start",
      "lineNumber": 0
    },
    {
      "function": "System.Runtime.CompilerServices.AsyncTaskMethodBuilder.Start",
      "lineNumber": 0
    },
    {
      "function": "Microsoft.AspNetCore.Mvc.Infrastructure.ResourceInvoker.<InvokeAsync>g__Logged|17_1",
      "lineNumber": 0
    },
    {
      "function": "Microsoft.AspNetCore.Mvc.Infrastructure.ResourceInvoker.InvokeAsync",
      "lineNumber": 0
    },
    {
      "function": "Microsoft.AspNetCore.Mvc.Routing.ControllerRequestDelegateFactory+<>c__DisplayClass12_0.<CreateRequestDelegate>b__0",
      "lineNumber": 0
    },
    {
      "function": "Microsoft.AspNetCore.Routing.EndpointMiddleware.Invoke",
      "lineNumber": 0
    },
    {
      "function": "Microsoft.AspNetCore.Authentication.AuthenticationMiddleware+<Invoke>d__6.MoveNext",
      "lineNumber": 0
    },
    {
      "function": "System.Runtime.CompilerServices.AsyncMethodBuilderCore.Start",
      "lineNumber": 0
    },
    {
      "function": "System.Runtime.CompilerServices.AsyncTaskMethodBuilder.Start",
      "lineNumber": 0
    },
    {
      "function": "Microsoft.AspNetCore.Authentication.AuthenticationMiddleware.Invoke",
      "lineNumber": 0
    },
    {
      "function": "Microsoft.AspNetCore.Authorization.AuthorizationMiddleware+<Invoke>d__11.MoveNext",
      "lineNumber": 0
    },
    {
      "function": "System.Runtime.CompilerServices.AsyncMethodBuilderCore.Start",
      "lineNumber": 0
    },
    {
      "function": "System.Runtime.CompilerServices.AsyncTaskMethodBuilder.Start",
      "lineNumber": 0
    },
    {
      "function": "Microsoft.AspNetCore.Authorization.AuthorizationMiddleware.Invoke",
      "lineNumber": 0
    },
    {
      "function": "Microsoft.AspNetCore.Session.SessionMiddleware+<Invoke>d__8.MoveNext",
      "lineNumber": 0
    },
    {
      "function": "System.Runtime.CompilerServices.AsyncMethodBuilderCore.Start",
      "lineNumber": 0
    },
    {
      "function": "System.Runtime.CompilerServices.AsyncTaskMethodBuilder.Start",
      "lineNumber": 0
    },
    {
      "function": "Microsoft.AspNetCore.Session.SessionMiddleware.Invoke",
      "lineNumber": 0
    },
    {
      "function": "Microsoft.AspNetCore.HostFiltering.HostFilteringMiddleware.Invoke",
      "lineNumber": 0
    },
    {
      "function": "Datadog.Trace.ClrProfiler.AutoInstrumentation.AspNetCore.BlockingMiddleware+<Invoke>d__5.MoveNext",
      "lineNumber": 0
    },
    {
      "function": "System.Runtime.CompilerServices.AsyncMethodBuilderCore.Start",
      "lineNumber": 0
    },
    {
      "function": "System.Runtime.CompilerServices.AsyncTaskMethodBuilder.Start",
      "lineNumber": 0
    },
    {
      "function": "Datadog.Trace.ClrProfiler.AutoInstrumentation.AspNetCore.BlockingMiddleware.Invoke",
      "lineNumber": 0
    },
    {
      "function": "Microsoft.AspNetCore.Server.Kestrel.Core.Internal.Http.HttpProtocol+<ProcessRequests>d__238`1.MoveNext",
      "lineNumber": 0
    },
    {
      "function": "System.Runtime.CompilerServices.AsyncMethodBuilderCore.Start",
      "lineNumber": 0
    },
    {
      "function": "System.Runtime.CompilerServices.AsyncTaskMethodBuilder.Start",
      "lineNumber": 0
    },
    {
      "function": "Microsoft.AspNetCore.Server.Kestrel.Core.Internal.Http.HttpProtocol.ProcessRequests",
      "lineNumber": 0
    },
    {
      "function": "Microsoft.AspNetCore.Server.Kestrel.Core.Internal.Http.HttpProtocol+<ProcessRequestsAsync>d__237`1.MoveNext",
      "lineNumber": 0
    },
    {
      "function": "System.Runtime.CompilerServices.AsyncMethodBuilderCore.Start",
      "lineNumber": 0
    },
    {
      "function": "System.Runtime.CompilerServices.AsyncTaskMethodBuilder.Start",
      "lineNumber": 0
    },
    {
      "function": "Microsoft.AspNetCore.Server.Kestrel.Core.Internal.Http.HttpProtocol.ProcessRequestsAsync",
      "lineNumber": 0
    },
    {
      "function": "Microsoft.AspNetCore.Server.Kestrel.Core.Internal.HttpConnection+<ProcessRequestsAsync>d__12`1.MoveNext",
      "lineNumber": 0
    },
    {
      "function": "System.Runtime.CompilerServices.AsyncMethodBuilderCore.Start",
      "lineNumber": 0
    },
    {
      "function": "System.Runtime.CompilerServices.AsyncTaskMethodBuilder.Start",
      "lineNumber": 0
    },
    {
      "function": "Microsoft.AspNetCore.Server.Kestrel.Core.Internal.HttpConnection.ProcessRequestsAsync",
      "lineNumber": 0
    },
    {
      "function": "Microsoft.AspNetCore.Server.Kestrel.Core.Internal.Infrastructure.KestrelConnection`1+<ExecuteAsync>d__8.MoveNext",
      "lineNumber": 0
    },
    {
      "function": "System.Runtime.CompilerServices.AsyncMethodBuilderCore.Start",
      "lineNumber": 0
    },
    {
      "function": "System.Runtime.CompilerServices.AsyncTaskMethodBuilder.Start",
      "lineNumber": 0
    },
    {
      "function": "Microsoft.AspNetCore.Server.Kestrel.Core.Internal.Infrastructure.KestrelConnection`1.ExecuteAsync",
      "lineNumber": 0
    },
    {
      "function": "Microsoft.AspNetCore.Server.Kestrel.Core.Internal.Infrastructure.KestrelConnection`1.System.Threading.IThreadPoolWorkItem.Execute",
      "lineNumber": 0
    },
    {
      "function": "System.Threading.ThreadPoolWorkQueue.Dispatch",
      "lineNumber": 0
    },
    {
      "function": "System.Threading.PortableThreadPool+WorkerThread.WorkerThreadStart",
      "lineNumber": 0
    }
  ],
  "id": "<scrubbed>",
  "timestamp": "<scrubbed>",
  "duration": "<scrubbed>",
  "language": "dotnet"
}