{
  "_dd.debug.error.0.snapshot_id": "<scrubbed>",
  "_dd.debug.error.exception_id": "<scrubbed>"
}