[
  {
    "captures": {
      "return": {
        "staticFields": {
          "Empty": {
            "type": "EmptyResult",
            "value": "EmptyResult"
          }
        },
        "throwable": {
          "message": "Outer exception",
          "type": "System.Exception",
          "stacktrace": [
            {
              "function": "weblog.ExceptionReplayController.ExceptionReplayInner",
              "lineNumber": 0
            },
            {
              "<runtime>": "<scrubbed>"
            }
          ]
        },
        "locals": {
          "@exception": {
            "type": "Exception",
            "value": "Exception",
            "fields": {
              "Message": {
                "type": "String",
                "value": "Outer exception"
              },
              "InnerException": {
                "type": "Exception",
                "value": "Exception",
                "fields": {
                  "Message": {
                    "type": "String",
                    "value": "Inner exception"
                  },
                  "InnerException": {
                    "type": "Exception",
                    "isNull": "true"
                  },
                  "HelpLink": {
                    "type": "String",
                    "isNull": "true"
                  },
                  "Source": {
                    "type": "String",
                    "value": "app"
                  },
                  "HResult": {
                    "type": "Int32",
                    "value": "-2146233088"
                  },
                  "StackTrace": {
                    "type": "String",
                    "value": "<scrubbed>"
                  }
                }
              },
              "HelpLink": {
                "type": "String",
                "isNull": "true"
              },
              "Source": {
                "type": "String",
                "value": "app"
              },
              "HResult": {
                "type": "Int32",
                "value": "-2146233088"
              },
              "StackTrace": {
                "type": "String",
                "value": "<scrubbed>"
              }
            }
          },
          "ex": {
            "type": "Exception",
            "value": "Exception",
            "fields": {
              "Message": {
                "type": "String",
                "value": "Inner exception"
              },
              "InnerException": {
                "type": "Exception",
                "isNull": "true"
              },
              "HelpLink": {
                "type": "String",
                "isNull": "true"
              },
              "Source": {
                "type": "String",
                "value": "app"
              },
              "HResult": {
                "type": "Int32",
                "value": "-2146233088"
              },
              "StackTrace": {
                "type": "String",
                "value": "<scrubbed>"
              }
            }
          }
        },
        "arguments": {
          "this": {
            "type": "ExceptionReplayController",
            "value": "ExceptionReplayController"
          }
        }
      }
    },
    "probe": {
      "id": "<scrubbed>",
      "version": 1,
      "location": {
        "method": "ExceptionReplayInner",
        "type": "weblog.ExceptionReplayController"
      }
    },
    "stack": [
      {
        "function": "weblog.ExceptionReplayController.ExceptionReplayInner",
        "fileName": "/app/ExceptionReplayController.cs",
        "lineNumber": 60
      },
      {
        "function": "Datadog.Trace.ClrProfiler.AutoInstrumentation.AspNetCore.BlockingMiddleware+<Invoke><scrubbed>",
        "lineNumber": 0
      },
      {
        "function": "Datadog.Trace.ClrProfiler.AutoInstrumentation.AspNetCore.BlockingMiddleware.Invoke",
        "lineNumber": 0
      },
      {
        "<runtime>": "<scrubbed>"
      }
    ],
    "exceptionHash": "304a8161-128e-39b5-9e50-737cd9af638a",
    "exceptionId": "<scrubbed>",
    "frameIndex": "1",
    "id": "<scrubbed>",
    "timestamp": "<scrubbed>",
    "duration": "<scrubbed>",
    "language": "dotnet"
  }
]