{
  "_dd.debug.error.0.snapshot_id": "<scrubbed>",
  "_dd.debug.error.1.snapshot_id": "<scrubbed>",
  "_dd.debug.error.10.snapshot_id": "<scrubbed>",
  "_dd.debug.error.11.snapshot_id": "<scrubbed>",
  "_dd.debug.error.12.snapshot_id": "<scrubbed>",
  "_dd.debug.error.13.snapshot_id": "<scrubbed>",
  "_dd.debug.error.14.snapshot_id": "<scrubbed>",
  "_dd.debug.error.15.snapshot_id": "<scrubbed>",
  "_dd.debug.error.16.snapshot_id": "<scrubbed>",
  "_dd.debug.error.17.snapshot_id": "<scrubbed>",
  "_dd.debug.error.18.snapshot_id": "<scrubbed>",
  "_dd.debug.error.19.snapshot_id": "<scrubbed>",
  "_dd.debug.error.2.snapshot_id": "<scrubbed>",
  "_dd.debug.error.20.snapshot_id": "<scrubbed>",
  "_dd.debug.error.21.snapshot_id": "<scrubbed>",
  "_dd.debug.error.3.snapshot_id": "<scrubbed>",
  "_dd.debug.error.4.snapshot_id": "<scrubbed>",
  "_dd.debug.error.5.snapshot_id": "<scrubbed>",
  "_dd.debug.error.6.snapshot_id": "<scrubbed>",
  "_dd.debug.error.7.snapshot_id": "<scrubbed>",
  "_dd.debug.error.8.snapshot_id": "<scrubbed>",
  "_dd.debug.error.9.snapshot_id": "<scrubbed>",
  "_dd.debug.error.exception_capture_id": "<scrubbed>",
  "_dd.debug.error.exception_hash": "ad4059949c313463"
}