[
  {
    "captures": {
      "entry": {
        "arguments": {},
        "locals": {},
        "staticFields": {}
      },
      "return": {
        "arguments": {},
        "locals": {},
        "staticFields": {},
        "throwable": {
          "message": "500 INTERNAL_SERVER_ERROR \"Async exception\"",
          "stacktrace": [
            {
              "function": "com.datadoghq.system_tests.springboot.ExceptionReplayController.lambda$asyncThrow$0",
              "lineNumber": 75
            },
            {
              "<runtime>": "<scrubbed>"
            }
          ],
          "type": "org.springframework.web.server.ResponseStatusException"
        }
      }
    },
    "exceptionId": "<scrubbed>",
    "id": "<scrubbed>",
    "language": "java",
    "probe": {
      "id": "<scrubbed>",
      "version": 0,
      "location": {
        "lines": [],
        "method": "lambda$asyncThrow$0",
        "type": "com.datadoghq.system_tests.springboot.ExceptionReplayController"
      }
    },
    "stack": [
      {
        "function": "com.datadoghq.system_tests.springboot.ExceptionReplayController.lambda$asyncThrow$0",
        "lineNumber": 75
      },
      {
        "<runtime>": "<scrubbed>"
      }
    ],
    "timestamp": "<scrubbed>"
  }
]