[
  {
    "captures": {
      "entry": {
        "arguments": {},
        "locals": {},
        "staticFields": {}
      },
      "return": {
        "arguments": {
          "this": {
            "type": "com.datadoghq.system_tests.springboot.ExceptionReplayController",
            "fields": {}
          }
        },
        "locals": {},
        "staticFields": {},
        "throwable": {
          "message": "500 INTERNAL_SERVER_ERROR \"Simple exception\"",
          "stacktrace": [
            {
              "function": "com.datadoghq.system_tests.springboot.ExceptionReplayController.exceptionReplaySimple",
              "lineNumber": 13
            },
            {
              "function": "datadog.trace.instrumentation.springweb.HandlerMappingResourceNameFilter.doFilterInternal",
              "lineNumber": 50
            },
            {
              "<runtime>": "<scrubbed>"
            }
          ],
          "type": "org.springframework.web.server.ResponseStatusException"
        }
      }
    },
    "exceptionCaptureId": "c585c5a9-978a-4715-baac-83adec2c03d2",
    "exceptionHash": "8b56934c85e4cf96818bcc278fa732b3ed63c8f86bed74f515749dd274d5",
    "frameIndex": "0",
    "id": "<scrubbed>",
    "language": "java",
    "probe": {
      "id": "<scrubbed>",
      "version": 0,
      "location": {
        "lines": [],
        "method": "exceptionReplaySimple",
        "type": "com.datadoghq.system_tests.springboot.ExceptionReplayController"
      }
    },
    "stack": [
      {
        "function": "com.datadoghq.system_tests.springboot.ExceptionReplayController.exceptionReplaySimple",
        "lineNumber": 13
      },
      {
        "function": "datadog.trace.instrumentation.springweb.HandlerMappingResourceNameFilter.doFilterInternal",
        "lineNumber": 50
      },
      {
        "<runtime>": "<scrubbed>"
      }
    ],
    "timestamp": "<scrubbed>"
  }
]