[
  [
    "DD_DYNAMIC_INSTRUMENTATION_DIAGNOSTICS_INTERVAL",
    "default",
    3600
  ],
  [
    "DD_DYNAMIC_INSTRUMENTATION_DIAGNOSTICS_INTERVAL",
    "default",
    3600
  ],
  [
    "DD_DYNAMIC_INSTRUMENTATION_ENABLED",
    "env_var",
    true
  ],
  [
    "DD_DYNAMIC_INSTRUMENTATION_ENABLED",
    "env_var",
    true
  ],
  [
    "DD_DYNAMIC_INSTRUMENTATION_MAX_DEPTH_TO_SERIALIZE",
    "default",
    3
  ],
  [
    "DD_DYNAMIC_INSTRUMENTATION_MAX_DEPTH_TO_SERIALIZE",
    "default",
    3
  ],
  [
    "DD_DYNAMIC_INSTRUMENTATION_MAX_TIME_TO_SERIALIZE",
    "default",
    200
  ],
  [
    "DD_DYNAMIC_INSTRUMENTATION_MAX_TIME_TO_SERIALIZE",
    "default",
    200
  ],
  [
    "DD_DYNAMIC_INSTRUMENTATION_UPLOAD_BATCH_SIZE",
    "default",
    100
  ],
  [
    "DD_DYNAMIC_INSTRUMENTATION_UPLOAD_BATCH_SIZE",
    "default",
    100
  ],
  [
    "DD_DYNAMIC_INSTRUMENTATION_UPLOAD_FLUSH_INTERVAL",
    "default",
    0
  ],
  [
    "DD_DYNAMIC_INSTRUMENTATION_UPLOAD_FLUSH_INTERVAL",
    "default",
    0
  ]
]