[
  [
    "exception_debugging_enabled",
    "env_var",
    "1"
  ],
  [
    "exception_replay_capture_intermediate_spans_enabled",
    "default",
    "true"
  ],
  [
    "exception_replay_capture_interval_seconds",
    "default",
    "3600"
  ],
  [
    "exception_replay_max_exception_analysis_limit",
    "default",
    "100"
  ],
  [
    "exception_replay_max_frames_to_capture",
    "default",
    "3"
  ],
  [
    "internal_exception_replay_only_local_root",
    "default",
    "false"
  ],
  [
    "profiling_exception_histogram_max-collection-size",
    "default",
    "10000"
  ],
  [
    "profiling_exception_histogram_top-items",
    "default",
    "50"
  ],
  [
    "profiling_exception_record_message",
    "default",
    "true"
  ],
  [
    "profiling_exception_sample_limit",
    "default",
    "10000"
  ],
  [
    "trace_jax-rs_exception-as-error_enabled",
    "default",
    "true"
  ]
]