[
  [
    "dynamic_instrumentation_capture_timeout",
    "default",
    "100"
  ],
  [
    "dynamic_instrumentation_classfile_dump_enabled",
    "default",
    "false"
  ],
  [
    "dynamic_instrumentation_diagnostics_interval",
    "default",
    "3600"
  ],
  [
    "dynamic_instrumentation_enabled",
    "env_var",
    "1"
  ],
  [
    "dynamic_instrumentation_exclude_files",
    "default",
    null
  ],
  [
    "dynamic_instrumentation_hoist_localvars_enabled",
    "default",
    "false"
  ],
  [
    "dynamic_instrumentation_include_files",
    "default",
    null
  ],
  [
    "dynamic_instrumentation_instrument_the_world",
    "default",
    "false"
  ],
  [
    "dynamic_instrumentation_max_payload_size",
    "default",
    "1024"
  ],
  [
    "dynamic_instrumentation_metrics_enabled",
    "default",
    "true"
  ],
  [
    "dynamic_instrumentation_poll_interval",
    "default",
    "1"
  ],
  [
    "dynamic_instrumentation_probe_file",
    "default",
    null
  ],
  [
    "dynamic_instrumentation_redacted_identifiers",
    "default",
    null
  ],
  [
    "dynamic_instrumentation_redacted_types",
    "default",
    null
  ],
  [
    "dynamic_instrumentation_redaction_excluded_identifiers",
    "default",
    null
  ],
  [
    "dynamic_instrumentation_upload_batch_size",
    "default",
    "100"
  ],
  [
    "dynamic_instrumentation_upload_flush_interval",
    "default",
    "0"
  ],
  [
    "dynamic_instrumentation_upload_timeout",
    "default",
    "30"
  ],
  [
    "dynamic_instrumentation_verify_bytecode",
    "default",
    "true"
  ]
]