[
  [
    "DD_DYNAMIC_INSTRUMENTATION_DIAGNOSTICS_INTERVAL",
    "default",
    3600
  ],
  [
    "DD_DYNAMIC_INSTRUMENTATION_ENABLED",
    "env_var",
    true
  ],
  [
    "DD_DYNAMIC_INSTRUMENTATION_MAX_PAYLOAD_SIZE",
    "default",
    1048576
  ],
  [
    "DD_DYNAMIC_INSTRUMENTATION_METRICS_ENABLED",
    "default",
    true
  ],
  [
    "DD_DYNAMIC_INSTRUMENTATION_REDACTED_IDENTIFIERS",
    "default",
    "set()"
  ],
  [
    "DD_DYNAMIC_INSTRUMENTATION_REDACTED_TYPES",
    "default",
    "set()"
  ],
  [
    "DD_DYNAMIC_INSTRUMENTATION_UPLOAD_FLUSH_INTERVAL",
    "default",
    1.0
  ],
  [
    "DD_DYNAMIC_INSTRUMENTATION_UPLOAD_TIMEOUT",
    "default",
    30
  ]
]