[
  {
    "captures": {
      "entry": {
        "arguments": {},
        "locals": {},
        "staticFields": {}
      },
      "return": {
        "arguments": {
          "shape": {
            "type": "java.lang.String",
            "value": "paper"
          },
          "this": {
            "type": "com.datadoghq.system_tests.springboot.ExceptionReplayController",
            "fields": {}
          }
        },
        "locals": {},
        "staticFields": {},
        "throwable": {
          "message": "Paper exception",
          "stacktrace": [
            {
              "function": "com.datadoghq.system_tests.springboot.ExceptionReplayController.exceptionReplayRockPaperScissors",
              "lineNumber": 45
            },
            {
              "function": "datadog.trace.instrumentation.springweb.HandlerMappingResourceNameFilter.doFilterInternal",
              "lineNumber": 57
            },
            {
              "<runtime>": "<scrubbed>"
            }
          ],
          "type": "com.datadoghq.system_tests.springboot.ExceptionReplayPaper"
        }
      }
    },
    "exceptionId": "<scrubbed>",
    "id": "<scrubbed>",
    "language": "java",
    "probe": {
      "id": "<scrubbed>",
      "version": 0,
      "location": {
        "lines": [],
        "method": "exceptionReplayRockPaperScissors",
        "type": "com.datadoghq.system_tests.springboot.ExceptionReplayController"
      }
    },
    "stack": [
      {
        "function": "com.datadoghq.system_tests.springboot.ExceptionReplayController.exceptionReplayRockPaperScissors",
        "lineNumber": 52
      },
      {
        "function": "datadog.trace.instrumentation.springweb.HandlerMappingResourceNameFilter.doFilterInternal",
        "lineNumber": 57
      },
      {
        "<runtime>": "<scrubbed>"
      }
    ],
    "timestamp": "<scrubbed>"
  },
  {
    "captures": {
      "entry": {
        "arguments": {},
        "locals": {},
        "staticFields": {}
      },
      "return": {
        "arguments": {
          "shape": {
            "type": "java.lang.String",
            "value": "rock"
          },
          "this": {
            "type": "com.datadoghq.system_tests.springboot.ExceptionReplayController",
            "fields": {}
          }
        },
        "locals": {},
        "staticFields": {},
        "throwable": {
          "message": "Rock exception",
          "stacktrace": [
            {
              "function": "com.datadoghq.system_tests.springboot.ExceptionReplayController.exceptionReplayRockPaperScissors",
              "lineNumber": 41
            },
            {
              "function": "datadog.trace.instrumentation.springweb.HandlerMappingResourceNameFilter.doFilterInternal",
              "lineNumber": 57
            },
            {
              "<runtime>": "<scrubbed>"
            }
          ],
          "type": "com.datadoghq.system_tests.springboot.ExceptionReplayRock"
        }
      }
    },
    "exceptionId": "<scrubbed>",
    "id": "<scrubbed>",
    "language": "java",
    "probe": {
      "id": "<scrubbed>",
      "version": 0,
      "location": {
        "lines": [],
        "method": "exceptionReplayRockPaperScissors",
        "type": "com.datadoghq.system_tests.springboot.ExceptionReplayController"
      }
    },
    "stack": [
      {
        "function": "com.datadoghq.system_tests.springboot.ExceptionReplayController.exceptionReplayRockPaperScissors",
        "lineNumber": 52
      },
      {
        "function": "datadog.trace.instrumentation.springweb.HandlerMappingResourceNameFilter.doFilterInternal",
        "lineNumber": 57
      },
      {
        "<runtime>": "<scrubbed>"
      }
    ],
    "timestamp": "<scrubbed>"
  },
  {
    "captures": {
      "entry": {
        "arguments": {},
        "locals": {},
        "staticFields": {}
      },
      "return": {
        "arguments": {
          "shape": {
            "type": "java.lang.String",
            "value": "scissors"
          },
          "this": {
            "type": "com.datadoghq.system_tests.springboot.ExceptionReplayController",
            "fields": {}
          }
        },
        "locals": {},
        "staticFields": {},
        "throwable": {
          "message": "Scissors exception",
          "stacktrace": [
            {
              "function": "com.datadoghq.system_tests.springboot.ExceptionReplayController.exceptionReplayRockPaperScissors",
              "lineNumber": 49
            },
            {
              "function": "datadog.trace.instrumentation.springweb.HandlerMappingResourceNameFilter.doFilterInternal",
              "lineNumber": 57
            },
            {
              "<runtime>": "<scrubbed>"
            }
          ],
          "type": "com.datadoghq.system_tests.springboot.ExceptionReplayScissors"
        }
      }
    },
    "exceptionId": "<scrubbed>",
    "id": "<scrubbed>",
    "language": "java",
    "probe": {
      "id": "<scrubbed>",
      "version": 0,
      "location": {
        "lines": [],
        "method": "exceptionReplayRockPaperScissors",
        "type": "com.datadoghq.system_tests.springboot.ExceptionReplayController"
      }
    },
    "stack": [
      {
        "function": "com.datadoghq.system_tests.springboot.ExceptionReplayController.exceptionReplayRockPaperScissors",
        "lineNumber": 52
      },
      {
        "function": "datadog.trace.instrumentation.springweb.HandlerMappingResourceNameFilter.doFilterInternal",
        "lineNumber": 57
      },
      {
        "<runtime>": "<scrubbed>"
      }
    ],
    "timestamp": "<scrubbed>"
  }
]