[
  {
    "id": "<scrubbed>",
    "timestamp": "<scrubbed>",
    "evaluationErrors": [],
    "probe": {
      "id": "<scrubbed>",
      "version": 0,
      "location": {
        "file": "/app/exception_replay_controller.py",
        "lines": [
          "47"
        ]
      }
    },
    "language": "python",
    "stack": [
      {
        "fileName": "/app/exception_replay_controller.py",
        "function": "deep_function_c",
        "lineNumber": 47
      },
      {
        "fileName": "/app/exception_replay_controller.py",
        "function": "deep_function_b",
        "lineNumber": 51
      },
      {
        "fileName": "/app/exception_replay_controller.py",
        "function": "deep_function_a",
        "lineNumber": 55
      },
      {
        "fileName": "/app/exception_replay_controller.py",
        "function": "exception_replay_multiframe",
        "lineNumber": 60
      },
      {
        "<runtime>": "<scrubbed>"
      }
    ],
    "captures": {
      "lines": {
        "47": {
          "arguments": {},
          "locals": {
            "@exception": {
              "type": "Exception",
              "fields": "<scrubbed>"
            }
          },
          "staticFields": "<scrubbed>",
          "throwable": {
            "type": "Exception",
            "message": "'multiple stack frames exception'",
            "stacktrace": [
              {
                "fileName": "/app/exception_replay_controller.py",
                "function": "exception_replay_multiframe",
                "lineNumber": 60
              },
              {
                "fileName": "/app/exception_replay_controller.py",
                "function": "deep_function_a",
                "lineNumber": 55
              },
              {
                "fileName": "/app/exception_replay_controller.py",
                "function": "deep_function_b",
                "lineNumber": 51
              },
              {
                "fileName": "/app/exception_replay_controller.py",
                "function": "deep_function_c",
                "lineNumber": 47
              },
              {
                "<runtime>": "<scrubbed>"
              }
            ]
          }
        }
      }
    },
    "duration": "<scrubbed>",
    "exceptionId": "<scrubbed>"
  },
  {
    "id": "<scrubbed>",
    "timestamp": "<scrubbed>",
    "evaluationErrors": [],
    "probe": {
      "id": "<scrubbed>",
      "version": 0,
      "location": {
        "file": "/app/exception_replay_controller.py",
        "lines": [
          "51"
        ]
      }
    },
    "language": "python",
    "stack": [
      {
        "fileName": "/app/exception_replay_controller.py",
        "function": "deep_function_b",
        "lineNumber": 51
      },
      {
        "fileName": "/app/exception_replay_controller.py",
        "function": "deep_function_a",
        "lineNumber": 55
      },
      {
        "fileName": "/app/exception_replay_controller.py",
        "function": "exception_replay_multiframe",
        "lineNumber": 60
      },
      {
        "<runtime>": "<scrubbed>"
      }
    ],
    "captures": {
      "lines": {
        "51": {
          "arguments": {},
          "locals": {
            "@exception": {
              "type": "Exception",
              "fields": "<scrubbed>"
            }
          },
          "staticFields": "<scrubbed>",
          "throwable": {
            "type": "Exception",
            "message": "'multiple stack frames exception'",
            "stacktrace": [
              {
                "fileName": "/app/exception_replay_controller.py",
                "function": "exception_replay_multiframe",
                "lineNumber": 60
              },
              {
                "fileName": "/app/exception_replay_controller.py",
                "function": "deep_function_a",
                "lineNumber": 55
              },
              {
                "fileName": "/app/exception_replay_controller.py",
                "function": "deep_function_b",
                "lineNumber": 51
              },
              {
                "fileName": "/app/exception_replay_controller.py",
                "function": "deep_function_c",
                "lineNumber": 47
              },
              {
                "<runtime>": "<scrubbed>"
              }
            ]
          }
        }
      }
    },
    "duration": "<scrubbed>",
    "exceptionId": "<scrubbed>"
  },
  {
    "id": "<scrubbed>",
    "timestamp": "<scrubbed>",
    "evaluationErrors": [],
    "probe": {
      "id": "<scrubbed>",
      "version": 0,
      "location": {
        "file": "/app/exception_replay_controller.py",
        "lines": [
          "55"
        ]
      }
    },
    "language": "python",
    "stack": [
      {
        "fileName": "/app/exception_replay_controller.py",
        "function": "deep_function_a",
        "lineNumber": 55
      },
      {
        "fileName": "/app/exception_replay_controller.py",
        "function": "exception_replay_multiframe",
        "lineNumber": 60
      },
      {
        "<runtime>": "<scrubbed>"
      }
    ],
    "captures": {
      "lines": {
        "55": {
          "arguments": {},
          "locals": {
            "@exception": {
              "type": "Exception",
              "fields": "<scrubbed>"
            }
          },
          "staticFields": "<scrubbed>",
          "throwable": {
            "type": "Exception",
            "message": "'multiple stack frames exception'",
            "stacktrace": [
              {
                "fileName": "/app/exception_replay_controller.py",
                "function": "exception_replay_multiframe",
                "lineNumber": 60
              },
              {
                "fileName": "/app/exception_replay_controller.py",
                "function": "deep_function_a",
                "lineNumber": 55
              },
              {
                "fileName": "/app/exception_replay_controller.py",
                "function": "deep_function_b",
                "lineNumber": 51
              },
              {
                "fileName": "/app/exception_replay_controller.py",
                "function": "deep_function_c",
                "lineNumber": 47
              },
              {
                "<runtime>": "<scrubbed>"
              }
            ]
          }
        }
      }
    },
    "duration": "<scrubbed>",
    "exceptionId": "<scrubbed>"
  },
  {
    "id": "<scrubbed>",
    "timestamp": "<scrubbed>",
    "evaluationErrors": [],
    "probe": {
      "id": "<scrubbed>",
      "version": 0,
      "location": {
        "file": "/app/exception_replay_controller.py",
        "lines": [
          "60"
        ]
      }
    },
    "language": "python",
    "stack": [
      {
        "fileName": "/app/exception_replay_controller.py",
        "function": "exception_replay_multiframe",
        "lineNumber": 60
      },
      {
        "<runtime>": "<scrubbed>"
      }
    ],
    "captures": {
      "lines": {
        "60": {
          "arguments": {},
          "locals": {
            "@exception": {
              "type": "Exception",
              "fields": "<scrubbed>"
            }
          },
          "staticFields": "<scrubbed>",
          "throwable": {
            "type": "Exception",
            "message": "'multiple stack frames exception'",
            "stacktrace": [
              {
                "fileName": "/app/exception_replay_controller.py",
                "function": "exception_replay_multiframe",
                "lineNumber": 60
              },
              {
                "fileName": "/app/exception_replay_controller.py",
                "function": "deep_function_a",
                "lineNumber": 55
              },
              {
                "fileName": "/app/exception_replay_controller.py",
                "function": "deep_function_b",
                "lineNumber": 51
              },
              {
                "fileName": "/app/exception_replay_controller.py",
                "function": "deep_function_c",
                "lineNumber": 47
              },
              {
                "<runtime>": "<scrubbed>"
              }
            ]
          }
        }
      }
    },
    "duration": "<scrubbed>",
    "exceptionId": "<scrubbed>"
  }
]