{
  "snapshot_0": {
    "duration": "<scrubbed>",
    "error": 1,
    "meta": {
      "_dd.code_origin.frames.0.file": "ExceptionReplayController.java",
      "_dd.code_origin.frames.0.line": "18",
      "_dd.code_origin.frames.0.method": "exceptionReplayRecursion",
      "_dd.code_origin.frames.0.signature": "(java.lang.Integer)",
      "_dd.code_origin.frames.0.type": "com.datadoghq.system_tests.springboot.ExceptionReplayController",
      "_dd.code_origin.type": "entry",
      "_dd.debug.error.0.snapshot_id": "<scrubbed>",
      "_dd.debug.error.1.snapshot_id": "<scrubbed>",
      "_dd.debug.error.2.snapshot_id": "<scrubbed>",
      "_dd.debug.error.3.snapshot_id": "<scrubbed>",
      "_dd.debug.error.4.snapshot_id": "<scrubbed>",
      "_dd.debug.error.5.snapshot_id": "<scrubbed>",
      "_dd.debug.error.6.snapshot_id": "<scrubbed>",
      "_dd.debug.error.7.snapshot_id": "<scrubbed>",
      "_dd.debug.error.8.snapshot_id": "<scrubbed>",
      "_dd.debug.error.9.snapshot_id": "<scrubbed>",
      "_dd.debug.error.exception_hash": "<scrubbed>",
      "_dd.debug.error.exception_id": "<scrubbed>",
      "_dd.integration": "spring-web-controller",
      "_dd.p.tid": "<scrubbed>",
      "component": "spring-web-controller",
      "env": "system-tests",
      "error.debug_info_captured": "true",
      "error.message": "500 INTERNAL_SERVER_ERROR \"recursion exception depth 20\"",
      "error.stack": "org.springframework.web.server.ResponseStatusException: 500 INTERNAL_SERVER_ERROR \"recursion exception depth 20\"\n\tat com.datadog<scrubbed>",
      "error.type": "org.springframework.web.server.ResponseStatusException",
      "key1": "val1",
      "key2": "val2",
      "language": "jvm",
      "span.kind": "server",
      "thread.name": "<scrubbed>",
      "version": "<scrubbed>"
    },
    "metrics": "<scrubbed>",
    "name": "spring.handler",
    "parentID": "<scrubbed>",
    "resource": "ExceptionReplayController.exceptionReplayRecursion",
    "service": "weblog",
    "spanID": "<scrubbed>",
    "start": "<scrubbed>",
    "traceID": "<scrubbed>",
    "type": "web"
  },
  "snapshot_1": {
    "duration": "<scrubbed>",
    "error": 1,
    "meta": {
      "_dd.code_origin.frames.0.file": "ExceptionReplayController.java",
      "_dd.code_origin.frames.0.line": "18",
      "_dd.code_origin.frames.0.method": "exceptionReplayRecursion",
      "_dd.code_origin.frames.0.signature": "(java.lang.Integer)",
      "_dd.code_origin.frames.0.type": "com.datadoghq.system_tests.springboot.ExceptionReplayController",
      "_dd.code_origin.type": "entry",
      "_dd.debug.error.0.snapshot_id": "<scrubbed>",
      "_dd.debug.error.1.snapshot_id": "<scrubbed>",
      "_dd.debug.error.2.snapshot_id": "<scrubbed>",
      "_dd.debug.error.3.snapshot_id": "<scrubbed>",
      "_dd.debug.error.4.snapshot_id": "<scrubbed>",
      "_dd.debug.error.5.snapshot_id": "<scrubbed>",
      "_dd.debug.error.6.snapshot_id": "<scrubbed>",
      "_dd.debug.error.7.snapshot_id": "<scrubbed>",
      "_dd.debug.error.8.snapshot_id": "<scrubbed>",
      "_dd.debug.error.9.snapshot_id": "<scrubbed>",
      "_dd.debug.error.exception_hash": "<scrubbed>",
      "_dd.debug.error.exception_id": "<scrubbed>",
      "_dd.integration": "spring-web-controller",
      "_dd.p.tid": "<scrubbed>",
      "component": "spring-web-controller",
      "env": "system-tests",
      "error.debug_info_captured": "true",
      "error.message": "500 INTERNAL_SERVER_ERROR \"recursion exception depth 20\"",
      "error.stack": "org.springframework.web.server.ResponseStatusException: 500 INTERNAL_SERVER_ERROR \"recursion exception depth 20\"\n\tat com.datadog<scrubbed>",
      "error.type": "org.springframework.web.server.ResponseStatusException",
      "key1": "val1",
      "key2": "val2",
      "language": "jvm",
      "span.kind": "server",
      "thread.name": "<scrubbed>",
      "version": "<scrubbed>"
    },
    "metrics": "<scrubbed>",
    "name": "spring.handler",
    "parentID": "<scrubbed>",
    "resource": "ExceptionReplayController.exceptionReplayRecursion",
    "service": "weblog",
    "spanID": "<scrubbed>",
    "start": "<scrubbed>",
    "traceID": "<scrubbed>",
    "type": "web"
  },
  "snapshot_2": {
    "duration": "<scrubbed>",
    "error": 1,
    "meta": {
      "_dd.code_origin.frames.0.file": "ExceptionReplayController.java",
      "_dd.code_origin.frames.0.line": "18",
      "_dd.code_origin.frames.0.method": "exceptionReplayRecursion",
      "_dd.code_origin.frames.0.signature": "(java.lang.Integer)",
      "_dd.code_origin.frames.0.type": "com.datadoghq.system_tests.springboot.ExceptionReplayController",
      "_dd.code_origin.type": "entry",
      "_dd.debug.error.0.snapshot_id": "<scrubbed>",
      "_dd.debug.error.1.snapshot_id": "<scrubbed>",
      "_dd.debug.error.2.snapshot_id": "<scrubbed>",
      "_dd.debug.error.3.snapshot_id": "<scrubbed>",
      "_dd.debug.error.4.snapshot_id": "<scrubbed>",
      "_dd.debug.error.5.snapshot_id": "<scrubbed>",
      "_dd.debug.error.6.snapshot_id": "<scrubbed>",
      "_dd.debug.error.7.snapshot_id": "<scrubbed>",
      "_dd.debug.error.8.snapshot_id": "<scrubbed>",
      "_dd.debug.error.9.snapshot_id": "<scrubbed>",
      "_dd.debug.error.exception_hash": "<scrubbed>",
      "_dd.debug.error.exception_id": "<scrubbed>",
      "_dd.integration": "spring-web-controller",
      "_dd.p.tid": "<scrubbed>",
      "component": "spring-web-controller",
      "env": "system-tests",
      "error.debug_info_captured": "true",
      "error.message": "500 INTERNAL_SERVER_ERROR \"recursion exception depth 20\"",
      "error.stack": "org.springframework.web.server.ResponseStatusException: 500 INTERNAL_SERVER_ERROR \"recursion exception depth 20\"\n\tat com.datadog<scrubbed>",
      "error.type": "org.springframework.web.server.ResponseStatusException",
      "key1": "val1",
      "key2": "val2",
      "language": "jvm",
      "span.kind": "server",
      "thread.name": "<scrubbed>",
      "version": "<scrubbed>"
    },
    "metrics": "<scrubbed>",
    "name": "spring.handler",
    "parentID": "<scrubbed>",
    "resource": "ExceptionReplayController.exceptionReplayRecursion",
    "service": "weblog",
    "spanID": "<scrubbed>",
    "start": "<scrubbed>",
    "traceID": "<scrubbed>",
    "type": "web"
  },
  "snapshot_3": {
    "duration": "<scrubbed>",
    "error": 1,
    "meta": {
      "_dd.code_origin.frames.0.file": "ExceptionReplayController.java",
      "_dd.code_origin.frames.0.line": "18",
      "_dd.code_origin.frames.0.method": "exceptionReplayRecursion",
      "_dd.code_origin.frames.0.signature": "(java.lang.Integer)",
      "_dd.code_origin.frames.0.type": "com.datadoghq.system_tests.springboot.ExceptionReplayController",
      "_dd.code_origin.type": "entry",
      "_dd.debug.error.0.snapshot_id": "<scrubbed>",
      "_dd.debug.error.1.snapshot_id": "<scrubbed>",
      "_dd.debug.error.2.snapshot_id": "<scrubbed>",
      "_dd.debug.error.3.snapshot_id": "<scrubbed>",
      "_dd.debug.error.4.snapshot_id": "<scrubbed>",
      "_dd.debug.error.5.snapshot_id": "<scrubbed>",
      "_dd.debug.error.6.snapshot_id": "<scrubbed>",
      "_dd.debug.error.7.snapshot_id": "<scrubbed>",
      "_dd.debug.error.8.snapshot_id": "<scrubbed>",
      "_dd.debug.error.9.snapshot_id": "<scrubbed>",
      "_dd.debug.error.exception_hash": "<scrubbed>",
      "_dd.debug.error.exception_id": "<scrubbed>",
      "_dd.integration": "spring-web-controller",
      "_dd.p.tid": "<scrubbed>",
      "component": "spring-web-controller",
      "env": "system-tests",
      "error.debug_info_captured": "true",
      "error.message": "500 INTERNAL_SERVER_ERROR \"recursion exception depth 20\"",
      "error.stack": "org.springframework.web.server.ResponseStatusException: 500 INTERNAL_SERVER_ERROR \"recursion exception depth 20\"\n\tat com.datadog<scrubbed>",
      "error.type": "org.springframework.web.server.ResponseStatusException",
      "key1": "val1",
      "key2": "val2",
      "language": "jvm",
      "span.kind": "server",
      "thread.name": "<scrubbed>",
      "version": "<scrubbed>"
    },
    "metrics": "<scrubbed>",
    "name": "spring.handler",
    "parentID": "<scrubbed>",
    "resource": "ExceptionReplayController.exceptionReplayRecursion",
    "service": "weblog",
    "spanID": "<scrubbed>",
    "start": "<scrubbed>",
    "traceID": "<scrubbed>",
    "type": "web"
  },
  "snapshot_4": {
    "duration": "<scrubbed>",
    "error": 1,
    "meta": {
      "_dd.code_origin.frames.0.file": "ExceptionReplayController.java",
      "_dd.code_origin.frames.0.line": "18",
      "_dd.code_origin.frames.0.method": "exceptionReplayRecursion",
      "_dd.code_origin.frames.0.signature": "(java.lang.Integer)",
      "_dd.code_origin.frames.0.type": "com.datadoghq.system_tests.springboot.ExceptionReplayController",
      "_dd.code_origin.type": "entry",
      "_dd.debug.error.0.snapshot_id": "<scrubbed>",
      "_dd.debug.error.1.snapshot_id": "<scrubbed>",
      "_dd.debug.error.2.snapshot_id": "<scrubbed>",
      "_dd.debug.error.3.snapshot_id": "<scrubbed>",
      "_dd.debug.error.4.snapshot_id": "<scrubbed>",
      "_dd.debug.error.5.snapshot_id": "<scrubbed>",
      "_dd.debug.error.6.snapshot_id": "<scrubbed>",
      "_dd.debug.error.7.snapshot_id": "<scrubbed>",
      "_dd.debug.error.8.snapshot_id": "<scrubbed>",
      "_dd.debug.error.9.snapshot_id": "<scrubbed>",
      "_dd.debug.error.exception_hash": "<scrubbed>",
      "_dd.debug.error.exception_id": "<scrubbed>",
      "_dd.integration": "spring-web-controller",
      "_dd.p.tid": "<scrubbed>",
      "component": "spring-web-controller",
      "env": "system-tests",
      "error.debug_info_captured": "true",
      "error.message": "500 INTERNAL_SERVER_ERROR \"recursion exception depth 20\"",
      "error.stack": "org.springframework.web.server.ResponseStatusException: 500 INTERNAL_SERVER_ERROR \"recursion exception depth 20\"\n\tat com.datadog<scrubbed>",
      "error.type": "org.springframework.web.server.ResponseStatusException",
      "key1": "val1",
      "key2": "val2",
      "language": "jvm",
      "span.kind": "server",
      "thread.name": "<scrubbed>",
      "version": "<scrubbed>"
    },
    "metrics": "<scrubbed>",
    "name": "spring.handler",
    "parentID": "<scrubbed>",
    "resource": "ExceptionReplayController.exceptionReplayRecursion",
    "service": "weblog",
    "spanID": "<scrubbed>",
    "start": "<scrubbed>",
    "traceID": "<scrubbed>",
    "type": "web"
  },
  "snapshot_5": {
    "duration": "<scrubbed>",
    "error": 1,
    "meta": {
      "_dd.code_origin.frames.0.file": "ExceptionReplayController.java",
      "_dd.code_origin.frames.0.line": "18",
      "_dd.code_origin.frames.0.method": "exceptionReplayRecursion",
      "_dd.code_origin.frames.0.signature": "(java.lang.Integer)",
      "_dd.code_origin.frames.0.type": "com.datadoghq.system_tests.springboot.ExceptionReplayController",
      "_dd.code_origin.type": "entry",
      "_dd.debug.error.0.snapshot_id": "<scrubbed>",
      "_dd.debug.error.1.snapshot_id": "<scrubbed>",
      "_dd.debug.error.2.snapshot_id": "<scrubbed>",
      "_dd.debug.error.3.snapshot_id": "<scrubbed>",
      "_dd.debug.error.4.snapshot_id": "<scrubbed>",
      "_dd.debug.error.5.snapshot_id": "<scrubbed>",
      "_dd.debug.error.6.snapshot_id": "<scrubbed>",
      "_dd.debug.error.7.snapshot_id": "<scrubbed>",
      "_dd.debug.error.8.snapshot_id": "<scrubbed>",
      "_dd.debug.error.9.snapshot_id": "<scrubbed>",
      "_dd.debug.error.exception_hash": "<scrubbed>",
      "_dd.debug.error.exception_id": "<scrubbed>",
      "_dd.integration": "spring-web-controller",
      "_dd.p.tid": "<scrubbed>",
      "component": "spring-web-controller",
      "env": "system-tests",
      "error.debug_info_captured": "true",
      "error.message": "500 INTERNAL_SERVER_ERROR \"recursion exception depth 20\"",
      "error.stack": "org.springframework.web.server.ResponseStatusException: 500 INTERNAL_SERVER_ERROR \"recursion exception depth 20\"\n\tat com.datadog<scrubbed>",
      "error.type": "org.springframework.web.server.ResponseStatusException",
      "key1": "val1",
      "key2": "val2",
      "language": "jvm",
      "span.kind": "server",
      "thread.name": "<scrubbed>",
      "version": "<scrubbed>"
    },
    "metrics": "<scrubbed>",
    "name": "spring.handler",
    "parentID": "<scrubbed>",
    "resource": "ExceptionReplayController.exceptionReplayRecursion",
    "service": "weblog",
    "spanID": "<scrubbed>",
    "start": "<scrubbed>",
    "traceID": "<scrubbed>",
    "type": "web"
  },
  "snapshot_6": {
    "duration": "<scrubbed>",
    "error": 1,
    "meta": {
      "_dd.code_origin.frames.0.file": "ExceptionReplayController.java",
      "_dd.code_origin.frames.0.line": "18",
      "_dd.code_origin.frames.0.method": "exceptionReplayRecursion",
      "_dd.code_origin.frames.0.signature": "(java.lang.Integer)",
      "_dd.code_origin.frames.0.type": "com.datadoghq.system_tests.springboot.ExceptionReplayController",
      "_dd.code_origin.type": "entry",
      "_dd.debug.error.0.snapshot_id": "<scrubbed>",
      "_dd.debug.error.1.snapshot_id": "<scrubbed>",
      "_dd.debug.error.2.snapshot_id": "<scrubbed>",
      "_dd.debug.error.3.snapshot_id": "<scrubbed>",
      "_dd.debug.error.4.snapshot_id": "<scrubbed>",
      "_dd.debug.error.5.snapshot_id": "<scrubbed>",
      "_dd.debug.error.6.snapshot_id": "<scrubbed>",
      "_dd.debug.error.7.snapshot_id": "<scrubbed>",
      "_dd.debug.error.8.snapshot_id": "<scrubbed>",
      "_dd.debug.error.9.snapshot_id": "<scrubbed>",
      "_dd.debug.error.exception_hash": "<scrubbed>",
      "_dd.debug.error.exception_id": "<scrubbed>",
      "_dd.integration": "spring-web-controller",
      "_dd.p.tid": "<scrubbed>",
      "component": "spring-web-controller",
      "env": "system-tests",
      "error.debug_info_captured": "true",
      "error.message": "500 INTERNAL_SERVER_ERROR \"recursion exception depth 20\"",
      "error.stack": "org.springframework.web.server.ResponseStatusException: 500 INTERNAL_SERVER_ERROR \"recursion exception depth 20\"\n\tat com.datadog<scrubbed>",
      "error.type": "org.springframework.web.server.ResponseStatusException",
      "key1": "val1",
      "key2": "val2",
      "language": "jvm",
      "span.kind": "server",
      "thread.name": "<scrubbed>",
      "version": "<scrubbed>"
    },
    "metrics": "<scrubbed>",
    "name": "spring.handler",
    "parentID": "<scrubbed>",
    "resource": "ExceptionReplayController.exceptionReplayRecursion",
    "service": "weblog",
    "spanID": "<scrubbed>",
    "start": "<scrubbed>",
    "traceID": "<scrubbed>",
    "type": "web"
  },
  "snapshot_7": {
    "duration": "<scrubbed>",
    "error": 1,
    "meta": {
      "_dd.code_origin.frames.0.file": "ExceptionReplayController.java",
      "_dd.code_origin.frames.0.line": "18",
      "_dd.code_origin.frames.0.method": "exceptionReplayRecursion",
      "_dd.code_origin.frames.0.signature": "(java.lang.Integer)",
      "_dd.code_origin.frames.0.type": "com.datadoghq.system_tests.springboot.ExceptionReplayController",
      "_dd.code_origin.type": "entry",
      "_dd.debug.error.0.snapshot_id": "<scrubbed>",
      "_dd.debug.error.1.snapshot_id": "<scrubbed>",
      "_dd.debug.error.2.snapshot_id": "<scrubbed>",
      "_dd.debug.error.3.snapshot_id": "<scrubbed>",
      "_dd.debug.error.4.snapshot_id": "<scrubbed>",
      "_dd.debug.error.5.snapshot_id": "<scrubbed>",
      "_dd.debug.error.6.snapshot_id": "<scrubbed>",
      "_dd.debug.error.7.snapshot_id": "<scrubbed>",
      "_dd.debug.error.8.snapshot_id": "<scrubbed>",
      "_dd.debug.error.9.snapshot_id": "<scrubbed>",
      "_dd.debug.error.exception_hash": "<scrubbed>",
      "_dd.debug.error.exception_id": "<scrubbed>",
      "_dd.integration": "spring-web-controller",
      "_dd.p.tid": "<scrubbed>",
      "component": "spring-web-controller",
      "env": "system-tests",
      "error.debug_info_captured": "true",
      "error.message": "500 INTERNAL_SERVER_ERROR \"recursion exception depth 20\"",
      "error.stack": "org.springframework.web.server.ResponseStatusException: 500 INTERNAL_SERVER_ERROR \"recursion exception depth 20\"\n\tat com.datadog<scrubbed>",
      "error.type": "org.springframework.web.server.ResponseStatusException",
      "key1": "val1",
      "key2": "val2",
      "language": "jvm",
      "span.kind": "server",
      "thread.name": "<scrubbed>",
      "version": "<scrubbed>"
    },
    "metrics": "<scrubbed>",
    "name": "spring.handler",
    "parentID": "<scrubbed>",
    "resource": "ExceptionReplayController.exceptionReplayRecursion",
    "service": "weblog",
    "spanID": "<scrubbed>",
    "start": "<scrubbed>",
    "traceID": "<scrubbed>",
    "type": "web"
  },
  "snapshot_8": {
    "duration": "<scrubbed>",
    "error": 1,
    "meta": {
      "_dd.code_origin.frames.0.file": "ExceptionReplayController.java",
      "_dd.code_origin.frames.0.line": "18",
      "_dd.code_origin.frames.0.method": "exceptionReplayRecursion",
      "_dd.code_origin.frames.0.signature": "(java.lang.Integer)",
      "_dd.code_origin.frames.0.type": "com.datadoghq.system_tests.springboot.ExceptionReplayController",
      "_dd.code_origin.type": "entry",
      "_dd.debug.error.0.snapshot_id": "<scrubbed>",
      "_dd.debug.error.1.snapshot_id": "<scrubbed>",
      "_dd.debug.error.2.snapshot_id": "<scrubbed>",
      "_dd.debug.error.3.snapshot_id": "<scrubbed>",
      "_dd.debug.error.4.snapshot_id": "<scrubbed>",
      "_dd.debug.error.5.snapshot_id": "<scrubbed>",
      "_dd.debug.error.6.snapshot_id": "<scrubbed>",
      "_dd.debug.error.7.snapshot_id": "<scrubbed>",
      "_dd.debug.error.8.snapshot_id": "<scrubbed>",
      "_dd.debug.error.9.snapshot_id": "<scrubbed>",
      "_dd.debug.error.exception_hash": "<scrubbed>",
      "_dd.debug.error.exception_id": "<scrubbed>",
      "_dd.integration": "spring-web-controller",
      "_dd.p.tid": "<scrubbed>",
      "component": "spring-web-controller",
      "env": "system-tests",
      "error.debug_info_captured": "true",
      "error.message": "500 INTERNAL_SERVER_ERROR \"recursion exception depth 20\"",
      "error.stack": "org.springframework.web.server.ResponseStatusException: 500 INTERNAL_SERVER_ERROR \"recursion exception depth 20\"\n\tat com.datadog<scrubbed>",
      "error.type": "org.springframework.web.server.ResponseStatusException",
      "key1": "val1",
      "key2": "val2",
      "language": "jvm",
      "span.kind": "server",
      "thread.name": "<scrubbed>",
      "version": "<scrubbed>"
    },
    "metrics": "<scrubbed>",
    "name": "spring.handler",
    "parentID": "<scrubbed>",
    "resource": "ExceptionReplayController.exceptionReplayRecursion",
    "service": "weblog",
    "spanID": "<scrubbed>",
    "start": "<scrubbed>",
    "traceID": "<scrubbed>",
    "type": "web"
  },
  "snapshot_9": {
    "duration": "<scrubbed>",
    "error": 1,
    "meta": {
      "_dd.code_origin.frames.0.file": "ExceptionReplayController.java",
      "_dd.code_origin.frames.0.line": "18",
      "_dd.code_origin.frames.0.method": "exceptionReplayRecursion",
      "_dd.code_origin.frames.0.signature": "(java.lang.Integer)",
      "_dd.code_origin.frames.0.type": "com.datadoghq.system_tests.springboot.ExceptionReplayController",
      "_dd.code_origin.type": "entry",
      "_dd.debug.error.0.snapshot_id": "<scrubbed>",
      "_dd.debug.error.1.snapshot_id": "<scrubbed>",
      "_dd.debug.error.2.snapshot_id": "<scrubbed>",
      "_dd.debug.error.3.snapshot_id": "<scrubbed>",
      "_dd.debug.error.4.snapshot_id": "<scrubbed>",
      "_dd.debug.error.5.snapshot_id": "<scrubbed>",
      "_dd.debug.error.6.snapshot_id": "<scrubbed>",
      "_dd.debug.error.7.snapshot_id": "<scrubbed>",
      "_dd.debug.error.8.snapshot_id": "<scrubbed>",
      "_dd.debug.error.9.snapshot_id": "<scrubbed>",
      "_dd.debug.error.exception_hash": "<scrubbed>",
      "_dd.debug.error.exception_id": "<scrubbed>",
      "_dd.integration": "spring-web-controller",
      "_dd.p.tid": "<scrubbed>",
      "component": "spring-web-controller",
      "env": "system-tests",
      "error.debug_info_captured": "true",
      "error.message": "500 INTERNAL_SERVER_ERROR \"recursion exception depth 20\"",
      "error.stack": "org.springframework.web.server.ResponseStatusException: 500 INTERNAL_SERVER_ERROR \"recursion exception depth 20\"\n\tat com.datadog<scrubbed>",
      "error.type": "org.springframework.web.server.ResponseStatusException",
      "key1": "val1",
      "key2": "val2",
      "language": "jvm",
      "span.kind": "server",
      "thread.name": "<scrubbed>",
      "version": "<scrubbed>"
    },
    "metrics": "<scrubbed>",
    "name": "spring.handler",
    "parentID": "<scrubbed>",
    "resource": "ExceptionReplayController.exceptionReplayRecursion",
    "service": "weblog",
    "spanID": "<scrubbed>",
    "start": "<scrubbed>",
    "traceID": "<scrubbed>",
    "type": "web"
  }
}