[
  {
    "captures": {
      "return": {
        "staticFields": {
          "Empty": {
            "type": "EmptyResult"
          }
        },
        "throwable": {
          "message": "Paper exception",
          "type": "weblog.Models.Debugger.ExceptionReplayPaper",
          "stacktrace": [
            {
              "function": "weblog.ExceptionReplayController.ExceptionReplayRockPaperScissors",
              "lineNumber": 0
            },
            {
              "<runtime>": "<scrubbed>"
            }
          ]
        },
        "locals": {
          "@exception": {
            "type": "ExceptionReplayPaper",
            "fields": {
              "Message": {
                "type": "String",
                "value": "Paper exception"
              },
              "InnerException": {
                "type": "Exception",
                "isNull": "true"
              },
              "HelpLink": {
                "type": "String",
                "isNull": "true"
              },
              "Source": {
                "type": "String",
                "value": "app"
              },
              "HResult": {
                "type": "Int32",
                "value": "-2146233088"
              },
              "StackTrace": {
                "type": "String",
                "value": "<scrubbed>"
              }
            }
          }
        },
        "arguments": {
          "shape": {
            "type": "String",
            "value": "paper"
          },
          "this": {
            "type": "ExceptionReplayController"
          }
        }
      }
    },
    "probe": {
      "id": "<scrubbed>",
      "version": 1,
      "location": {
        "method": "ExceptionReplayRockPaperScissors",
        "type": "weblog.ExceptionReplayController"
      }
    },
    "stack": [
      {
        "function": "weblog.ExceptionReplayController.ExceptionReplayRockPaperScissors",
        "fileName": "/app/ExceptionReplayController.cs",
        "lineNumber": 83
      },
      {
        "function": "Datadog.Trace.ClrProfiler.AutoInstrumentation.AspNetCore.BlockingMiddleware+<Invoke><scrubbed>",
        "lineNumber": 0
      },
      {
        "function": "Datadog.Trace.ClrProfiler.AutoInstrumentation.AspNetCore.BlockingMiddleware.Invoke",
        "lineNumber": 0
      },
      {
        "<runtime>": "<scrubbed>"
      }
    ],
    "exceptionHash": "3f123b08-8c82-337a-9a28-125bd42e0eaf",
    "exceptionId": "<scrubbed>",
    "frameIndex": "0",
    "id": "<scrubbed>",
    "timestamp": "<scrubbed>",
    "duration": "<scrubbed>",
    "language": "dotnet"
  },
  {
    "captures": {
      "return": {
        "staticFields": {
          "Empty": {
            "type": "EmptyResult"
          }
        },
        "throwable": {
          "message": "Rock exception",
          "type": "weblog.Models.Debugger.ExceptionReplayRock",
          "stacktrace": [
            {
              "function": "weblog.ExceptionReplayController.ExceptionReplayRockPaperScissors",
              "lineNumber": 0
            },
            {
              "<runtime>": "<scrubbed>"
            }
          ]
        },
        "locals": {
          "@exception": {
            "type": "ExceptionReplayRock",
            "fields": {
              "Message": {
                "type": "String",
                "value": "Rock exception"
              },
              "InnerException": {
                "type": "Exception",
                "isNull": "true"
              },
              "HelpLink": {
                "type": "String",
                "isNull": "true"
              },
              "Source": {
                "type": "String",
                "value": "app"
              },
              "HResult": {
                "type": "Int32",
                "value": "-2146233088"
              },
              "StackTrace": {
                "type": "String",
                "value": "<scrubbed>"
              }
            }
          }
        },
        "arguments": {
          "shape": {
            "type": "String",
            "value": "rock"
          },
          "this": {
            "type": "ExceptionReplayController"
          }
        }
      }
    },
    "probe": {
      "id": "<scrubbed>",
      "version": 1,
      "location": {
        "method": "ExceptionReplayRockPaperScissors",
        "type": "weblog.ExceptionReplayController"
      }
    },
    "stack": [
      {
        "function": "weblog.ExceptionReplayController.ExceptionReplayRockPaperScissors",
        "fileName": "/app/ExceptionReplayController.cs",
        "lineNumber": 83
      },
      {
        "function": "Datadog.Trace.ClrProfiler.AutoInstrumentation.AspNetCore.BlockingMiddleware+<Invoke><scrubbed>",
        "lineNumber": 0
      },
      {
        "function": "Datadog.Trace.ClrProfiler.AutoInstrumentation.AspNetCore.BlockingMiddleware.Invoke",
        "lineNumber": 0
      },
      {
        "<runtime>": "<scrubbed>"
      }
    ],
    "exceptionHash": "e6882fa3-e986-3f7f-830f-322e1881ade5",
    "exceptionId": "<scrubbed>",
    "frameIndex": "0",
    "id": "<scrubbed>",
    "timestamp": "<scrubbed>",
    "duration": "<scrubbed>",
    "language": "dotnet"
  },
  {
    "captures": {
      "return": {
        "staticFields": {
          "Empty": {
            "type": "EmptyResult"
          }
        },
        "throwable": {
          "message": "Scissors exception",
          "type": "weblog.Models.Debugger.ExceptionReplayScissors",
          "stacktrace": [
            {
              "function": "weblog.ExceptionReplayController.ExceptionReplayRockPaperScissors",
              "lineNumber": 0
            },
            {
              "<runtime>": "<scrubbed>"
            }
          ]
        },
        "locals": {
          "@exception": {
            "type": "ExceptionReplayScissors",
            "fields": {
              "Message": {
                "type": "String",
                "value": "Scissors exception"
              },
              "InnerException": {
                "type": "Exception",
                "isNull": "true"
              },
              "HelpLink": {
                "type": "String",
                "isNull": "true"
              },
              "Source": {
                "type": "String",
                "value": "app"
              },
              "HResult": {
                "type": "Int32",
                "value": "-2146233088"
              },
              "StackTrace": {
                "type": "String",
                "value": "<scrubbed>"
              }
            }
          }
        },
        "arguments": {
          "shape": {
            "type": "String",
            "value": "scissors"
          },
          "this": {
            "type": "ExceptionReplayController"
          }
        }
      }
    },
    "probe": {
      "id": "<scrubbed>",
      "version": 1,
      "location": {
        "method": "ExceptionReplayRockPaperScissors",
        "type": "weblog.ExceptionReplayController"
      }
    },
    "stack": [
      {
        "function": "weblog.ExceptionReplayController.ExceptionReplayRockPaperScissors",
        "fileName": "/app/ExceptionReplayController.cs",
        "lineNumber": 83
      },
      {
        "function": "Datadog.Trace.ClrProfiler.AutoInstrumentation.AspNetCore.BlockingMiddleware+<Invoke><scrubbed>",
        "lineNumber": 0
      },
      {
        "function": "Datadog.Trace.ClrProfiler.AutoInstrumentation.AspNetCore.BlockingMiddleware.Invoke",
        "lineNumber": 0
      },
      {
        "<runtime>": "<scrubbed>"
      }
    ],
    "exceptionHash": "71174315-56b8-3c4b-83db-90764540ceae",
    "exceptionId": "<scrubbed>",
    "frameIndex": "0",
    "id": "<scrubbed>",
    "timestamp": "<scrubbed>",
    "duration": "<scrubbed>",
    "language": "dotnet"
  }
]