[
  {
    "captures": {
      "return": {
        "staticFields": {
          "Empty": {
            "type": "EmptyResult",
            "value": "EmptyResult"
          }
        },
        "throwable": {
          "message": "Async exception",
          "type": "System.Exception",
          "stacktrace": [
            {
              "function": "weblog.ExceptionReplayController+<AsyncThrow><scrubbed>",
              "lineNumber": 0
            },
            {
              "function": "weblog.ExceptionReplayController+<ExceptionReplayAsync><scrubbed>",
              "lineNumber": 0
            },
            {
              "<runtime>": "<scrubbed>"
            }
          ]
        },
        "locals": {
          "@exception": {
            "type": "Exception",
            "value": "Exception",
            "fields": {
              "Message": {
                "type": "String",
                "value": "Async exception"
              },
              "InnerException": {
                "type": "Exception",
                "isNull": "true"
              },
              "HelpLink": {
                "type": "String",
                "isNull": "true"
              },
              "Source": {
                "type": "String",
                "value": "app"
              },
              "HResult": {
                "type": "Int32",
                "value": "-2146233088"
              },
              "StackTrace": {
                "type": "String",
                "value": "<scrubbed>"
              }
            }
          }
        },
        "arguments": {
          "this": {
            "type": "ExceptionReplayController",
            "value": "ExceptionReplayController",
            "fields": {
              "_tempData": {
                "type": "ITempDataDictionary",
                "isNull": "true"
              },
              "_viewBag": {
                "type": "DynamicViewData",
                "isNull": "true"
              },
              "_viewData": {
                "type": "ViewDataDictionary",
                "value": "ViewDataDictionary",
                "fields": {
                  "_data": {
                    "type": "IDictionary`2",
                    "size": 0,
                    "entries": []
                  },
                  "_declaredModelType": {
                    "type": "Type",
                    "value": "Type"
                  },
                  "_metadataProvider": {
                    "type": "IModelMetadataProvider",
                    "value": "IModelMetadataProvider"
                  },
                  "ModelState": {
                    "type": "ModelStateDictionary",
                    "value": "ModelStateDictionary",
                    "fields": {
                      "_root": {
                        "type": "ModelStateNode",
                        "value": "ModelStateNode",
                        "notCapturedReason": "depth"
                      },
                      "_maxAllowedErrors": {
                        "type": "Int32",
                        "value": "200"
                      },
                      "ErrorCount": {
                        "type": "Int32",
                        "value": "0"
                      },
                      "Count": {
                        "type": "Int32",
                        "value": "0"
                      },
                      "HasRecordedMaxModelError": {
                        "type": "Boolean",
                        "value": "False"
                      },
                      "MaxValidationDepth": {
                        "type": "Nullable`1",
                        "value": "32"
                      },
                      "MaxStateDepth": {
                        "type": "Nullable`1",
                        "value": "32"
                      }
                    }
                  },
                  "ModelExplorer": {
                    "type": "ModelExplorer",
                    "value": "ModelExplorer",
                    "fields": {
                      "_metadataProvider": {
                        "type": "IModelMetadataProvider",
                        "value": "IModelMetadataProvider",
                        "notCapturedReason": "depth"
                      },
                      "_model": {
                        "type": "Object",
                        "isNull": "true"
                      },
                      "_modelAccessor": {
                        "type": "Func`2",
                        "isNull": "true"
                      },
                      "_properties": {
                        "type": "ModelExplorer[]",
                        "isNull": "true"
                      },
                      "Container": {
                        "type": "ModelExplorer",
                        "isNull": "true"
                      },
                      "Metadata": {
                        "type": "ModelMetadata",
                        "value": "ModelMetadata",
                        "notCapturedReason": "depth"
                      }
                    }
                  },
                  "TemplateInfo": {
                    "type": "TemplateInfo",
                    "value": "TemplateInfo",
                    "fields": {
                      "_visitedObjects": {},
                      "_formattedModelValue": {
                        "type": "Object",
                        "value": "Object",
                        "notCapturedReason": "depth"
                      },
                      "_htmlFieldPrefix": {
                        "type": "String",
                        "value": ""
                      }
                    }
                  }
                }
              },
              "_controllerContext": {
                "type": "ControllerContext",
                "value": "ControllerContext",
                "fields": {
                  "_valueProviderFactories": {
                    "type": "IList`1",
                    "value": "IList`1"
                  },
                  "ActionDescriptor": {
                    "type": "ActionDescriptor",
                    "value": "ActionDescriptor",
                    "fields": {
                      "Id": "<scrubbed>",
                      "RouteValues": {
                        "type": "IDictionary`2",
                        "size": 2,
                        "entries": [
                          [
                            {
                              "type": "String",
                              "value": "action"
                            },
                            {
                              "type": "String",
                              "value": "ExceptionReplay"
                            }
                          ],
                          [
                            {
                              "type": "String",
                              "value": "controller"
                            },
                            {
                              "type": "String",
                              "value": "ExceptionReplay"
                            }
                          ]
                        ]
                      },
                      "AttributeRouteInfo": {
                        "type": "AttributeRouteInfo",
                        "value": "AttributeRouteInfo",
                        "notCapturedReason": "depth"
                      },
                      "ActionConstraints": {
                        "type": "IList`1",
                        "size": 2,
                        "elements": [
                          {
                            "type": "ConsumesAttribute",
                            "value": "ConsumesAttribute",
                            "notCapturedReason": "depth"
                          },
                          {
                            "type": "HttpMethodActionConstraint",
                            "value": "HttpMethodActionConstraint",
                            "notCapturedReason": "depth"
                          }
                        ]
                      },
                      "EndpointMetadata": {
                        "type": "IList`1",
                        "size": 9,
                        "elements": [
                          {
                            "type": "NullableContextAttribute",
                            "value": "NullableContextAttribute",
                            "notCapturedReason": "depth"
                          },
                          {
                            "type": "NullableAttribute",
                            "value": "NullableAttribute",
                            "notCapturedReason": "depth"
                          },
                          {
                            "type": "ApiControllerAttribute",
                            "value": "ApiControllerAttribute",
                            "notCapturedReason": "depth"
                          },
                          {
                            "type": "ControllerAttribute",
                            "value": "ControllerAttribute",
                            "notCapturedReason": "depth"
                          },
                          {
                            "type": "RouteAttribute",
                            "value": "RouteAttribute",
                            "notCapturedReason": "depth"
                          },
                          {
                            "type": "AsyncStateMachineAttribute",
                            "value": "AsyncStateMachineAttribute",
                            "notCapturedReason": "depth"
                          },
                          {
                            "type": "ConsumesAttribute",
                            "value": "ConsumesAttribute",
                            "notCapturedReason": "depth"
                          },
                          {
                            "type": "HttpGetAttribute",
                            "value": "HttpGetAttribute",
                            "notCapturedReason": "depth"
                          },
                          {
                            "type": "HttpMethodMetadata",
                            "value": "HttpMethodMetadata",
                            "notCapturedReason": "depth"
                          }
                        ]
                      },
                      "Parameters": {
                        "type": "IList`1",
                        "size": 0,
                        "elements": []
                      },
                      "BoundProperties": {
                        "type": "IList`1",
                        "size": 0,
                        "elements": []
                      },
                      "FilterDescriptors": {
                        "type": "IList`1",
                        "size": 8,
                        "elements": [
                          {
                            "type": "FilterDescriptor",
                            "value": "FilterDescriptor",
                            "notCapturedReason": "depth"
                          },
                          {
                            "type": "FilterDescriptor",
                            "value": "FilterDescriptor",
                            "notCapturedReason": "depth"
                          },
                          {
                            "type": "FilterDescriptor",
                            "value": "FilterDescriptor",
                            "notCapturedReason": "depth"
                          },
                          {
                            "type": "FilterDescriptor",
                            "value": "FilterDescriptor",
                            "notCapturedReason": "depth"
                          },
                          {
                            "type": "FilterDescriptor",
                            "value": "FilterDescriptor",
                            "notCapturedReason": "depth"
                          },
                          {
                            "type": "FilterDescriptor",
                            "value": "FilterDescriptor",
                            "notCapturedReason": "depth"
                          },
                          {
                            "type": "FilterDescriptor",
                            "value": "FilterDescriptor",
                            "notCapturedReason": "depth"
                          },
                          {
                            "type": "FilterDescriptor",
                            "value": "FilterDescriptor",
                            "notCapturedReason": "depth"
                          }
                        ]
                      },
                      "DisplayName": {
                        "type": "String",
                        "value": "weblog.ExceptionReplayController.ExceptionReplayAsync (app)"
                      },
                      "Properties": {
                        "type": "IDictionary`2",
                        "size": 2,
                        "entries": [
                          [
                            {
                              "type": "Object",
                              "value": "Object",
                              "notCapturedReason": "depth"
                            },
                            {
                              "type": "Object",
                              "value": "Object",
                              "notCapturedReason": "depth"
                            }
                          ],
                          [
                            {
                              "type": "Object",
                              "value": "Object",
                              "notCapturedReason": "depth"
                            },
                            {
                              "type": "Object",
                              "value": "Object",
                              "notCapturedReason": "depth"
                            }
                          ]
                        ]
                      },
                      "CachedReusableFilters": {
                        "type": "IFilterMetadata[]",
                        "size": 8,
                        "elements": [
                          {
                            "type": "ControllerActionFilter",
                            "value": "ControllerActionFilter",
                            "notCapturedReason": "depth"
                          },
                          {
                            "type": "SaveTempDataFilter",
                            "value": "SaveTempDataFilter",
                            "notCapturedReason": "depth"
                          },
                          {
                            "type": "UnsupportedContentTypeFilter",
                            "value": "UnsupportedContentTypeFilter",
                            "notCapturedReason": "depth"
                          },
                          {
                            "type": "ClientErrorResultFilter",
                            "value": "ClientErrorResultFilter",
                            "notCapturedReason": "depth"
                          },
                          {
                            "type": "ModelStateInvalidFilter",
                            "value": "ModelStateInvalidFilter",
                            "notCapturedReason": "depth"
                          },
                          {
                            "type": "ActionResponseFilter",
                            "value": "ActionResponseFilter",
                            "notCapturedReason": "depth"
                          },
                          {
                            "type": "ApiControllerAttribute",
                            "value": "ApiControllerAttribute",
                            "notCapturedReason": "depth"
                          },
                          {
                            "type": "ConsumesAttribute",
                            "value": "ConsumesAttribute",
                            "notCapturedReason": "depth"
                          }
                        ]
                      }
                    }
                  },
                  "HttpContext": {
                    "type": "HttpContext",
                    "value": "HttpContext"
                  },
                  "ModelState": {
                    "type": "ModelStateDictionary",
                    "value": "ModelStateDictionary",
                    "fields": {
                      "_root": {
                        "type": "ModelStateNode",
                        "value": "ModelStateNode",
                        "notCapturedReason": "depth"
                      },
                      "_maxAllowedErrors": {
                        "type": "Int32",
                        "value": "200"
                      },
                      "ErrorCount": {
                        "type": "Int32",
                        "value": "0"
                      },
                      "Count": {
                        "type": "Int32",
                        "value": "0"
                      },
                      "HasRecordedMaxModelError": {
                        "type": "Boolean",
                        "value": "False"
                      },
                      "MaxValidationDepth": {
                        "type": "Nullable`1",
                        "value": "32"
                      },
                      "MaxStateDepth": {
                        "type": "Nullable`1",
                        "value": "32"
                      }
                    }
                  },
                  "RouteData": {
                    "type": "RouteData",
                    "value": "RouteData",
                    "fields": {
                      "_dataTokens": {
                        "type": "RouteValueDictionary",
                        "isNull": "true"
                      },
                      "_routers": {
                        "type": "List`1",
                        "isNull": "true"
                      },
                      "_values": {
                        "type": "RouteValueDictionary",
                        "value": "RouteValueDictionary",
                        "notCapturedReason": "depth"
                      }
                    }
                  }
                }
              },
              "_metadataProvider": {
                "type": "IModelMetadataProvider",
                "isNull": "true"
              },
              "_modelBinderFactory": {
                "type": "IModelBinderFactory",
                "isNull": "true"
              },
              "_objectValidator": {
                "type": "IObjectModelValidator",
                "isNull": "true"
              },
              "_url": {
                "type": "IUrlHelper",
                "isNull": "true"
              },
              "_problemDetailsFactory": {
                "type": "ProblemDetailsFactory",
                "isNull": "true"
              }
            }
          }
        }
      }
    },
    "probe": {
      "id": "<scrubbed>",
      "version": 1,
      "location": {
        "method": "ExceptionReplayAsync",
        "type": "weblog.ExceptionReplayController"
      }
    },
    "stack": [
      {
        "function": "weblog.ExceptionReplayController+<ExceptionReplayAsync><scrubbed>",
        "fileName": "/app/ExceptionReplayController.cs",
        "lineNumber": 106
      },
      {
        "function": "weblog.ExceptionReplayController.ExceptionReplayAsync",
        "lineNumber": 0
      },
      {
        "function": "Datadog.Trace.ClrProfiler.AutoInstrumentation.AspNetCore.BlockingMiddleware+<Invoke><scrubbed>",
        "lineNumber": 0
      },
      {
        "function": "Datadog.Trace.ClrProfiler.AutoInstrumentation.AspNetCore.BlockingMiddleware.Invoke",
        "lineNumber": 0
      },
      {
        "<runtime>": "<scrubbed>"
      }
    ],
    "id": "<scrubbed>",
    "timestamp": "<scrubbed>",
    "duration": "<scrubbed>",
    "language": "dotnet"
  },
  {
    "captures": {
      "return": {
        "staticFields": {
          "Empty": {
            "type": "EmptyResult",
            "value": "EmptyResult"
          }
        },
        "throwable": {
          "message": "Async exception",
          "type": "System.Exception",
          "stacktrace": [
            {
              "function": "weblog.ExceptionReplayController+<AsyncThrow><scrubbed>",
              "lineNumber": 0
            },
            {
              "<runtime>": "<scrubbed>"
            }
          ]
        },
        "locals": {
          "@exception": {
            "type": "Exception",
            "value": "Exception",
            "fields": {
              "Message": {
                "type": "String",
                "value": "Async exception"
              },
              "InnerException": {
                "type": "Exception",
                "isNull": "true"
              },
              "HelpLink": {
                "type": "String",
                "isNull": "true"
              },
              "Source": {
                "type": "String",
                "value": "app"
              },
              "HResult": {
                "type": "Int32",
                "value": "-2146233088"
              },
              "StackTrace": {
                "type": "String",
                "value": "<scrubbed>"
              }
            }
          }
        }
      }
    },
    "probe": {
      "id": "<scrubbed>",
      "version": 1,
      "location": {
        "method": "AsyncThrow",
        "type": "weblog.ExceptionReplayController"
      }
    },
    "stack": [
      {
        "function": "weblog.ExceptionReplayController+<AsyncThrow><scrubbed>",
        "fileName": "/app/ExceptionReplayController.cs",
        "lineNumber": 98
      },
      {
        "function": "weblog.ExceptionReplayController.AsyncThrow",
        "lineNumber": 0
      },
      {
        "function": "weblog.ExceptionReplayController+<ExceptionReplayAsync><scrubbed>",
        "fileName": "/app/ExceptionReplayController.cs",
        "lineNumber": 105
      },
      {
        "function": "weblog.ExceptionReplayController.ExceptionReplayAsync",
        "lineNumber": 0
      },
      {
        "function": "Datadog.Trace.ClrProfiler.AutoInstrumentation.AspNetCore.BlockingMiddleware+<Invoke><scrubbed>",
        "lineNumber": 0
      },
      {
        "function": "Datadog.Trace.ClrProfiler.AutoInstrumentation.AspNetCore.BlockingMiddleware.Invoke",
        "lineNumber": 0
      },
      {
        "<runtime>": "<scrubbed>"
      }
    ],
    "id": "<scrubbed>",
    "timestamp": "<scrubbed>",
    "duration": "<scrubbed>",
    "language": "dotnet"
  }
]